Component: ARM Compiler 5.06 update 6 (build 750) Tool: armlink [4d35ed]

==============================================================================

Section Cross References

    startup.o(STACK) refers (Special) to heapauxi.o(.text) for __use_two_region_memory
    startup.o(HEAP) refers (Special) to heapauxi.o(.text) for __use_two_region_memory
    startup.o(RESET) refers (Special) to heapauxi.o(.text) for __use_two_region_memory
    startup.o(RESET) refers to startup.o(STACK) for StackMem
    startup.o(RESET) refers to sound.o(i.SysTick_Handler) for SysTick_Handler
    startup.o(RESET) refers to timer0.o(i.Timer0A_Handler) for Timer0A_Handler
    startup.o(RESET) refers to timer1.o(i.Timer1A_Handler) for Timer1A_Handler
    startup.o(RESET) refers to __main.o(!!!main) for __main
    startup.o(.text) refers (Special) to heapauxi.o(.text) for __use_two_region_memory
    startup.o(.text) refers to startup.o(HEAP) for HeapMem
    startup.o(.text) refers to startup.o(STACK) for StackMem
    random.o(.text) refers to random.o(DATA) for M
    timer0.o(i.Timer0A_Handler) refers to timer0.o(.data) for PeriodicTask0
    timer0.o(i.Timer0_Init) refers to timer0.o(.data) for PeriodicTask0
    timer1.o(i.Timer1A_Handler) refers to timer1.o(.data) for PeriodicTask1
    timer1.o(i.Timer1_Init) refers to timer1.o(.data) for PeriodicTask1
    sound.o(i.Sound_Init) refers to dac.o(i.DAC_Init) for DAC_Init
    sound.o(i.Sound_Init) refers to sound.o(.data) for Index
    sound.o(i.Sound_Killed) refers to sound.o(i.Sound_Play) for Sound_Play
    sound.o(i.Sound_Killed) refers to sound.o(.data) for Index
    sound.o(i.Sound_Killed) refers to sound.o(.constdata) for invaderkilled
    sound.o(i.Sound_Play) refers to sound.o(.data) for ptr
    sound.o(i.Sound_Shoot) refers to sound.o(i.Sound_Play) for Sound_Play
    sound.o(i.Sound_Shoot) refers to sound.o(.data) for Index
    sound.o(i.Sound_Shoot) refers to sound.o(.constdata) for shoot
    sound.o(i.Sound_Victory) refers to sound.o(i.Sound_Play) for Sound_Play
    sound.o(i.Sound_Victory) refers to sound.o(.data) for Index
    sound.o(i.Sound_Victory) refers to sound.o(.constdata) for victory
    sound.o(i.SysTick_Handler) refers to dac.o(i.DAC_Out) for DAC_Out
    sound.o(i.SysTick_Handler) refers to sound.o(.data) for Index
    print.o(.text) refers (Special) to st7735.o(i.ST7735_OutString) for ST7735_OutString
    print.o(.text) refers to st7735.o(i.ST7735_OutChar) for ST7735_OutChar
    st7735.o(i.Output_Clear) refers to st7735.o(i.ST7735_FillScreen) for ST7735_FillScreen
    st7735.o(i.Output_Color) refers to st7735.o(i.ST7735_SetTextColor) for ST7735_SetTextColor
    st7735.o(i.Output_Init) refers to st7735.o(i.ST7735_InitR) for ST7735_InitR
    st7735.o(i.Output_Init) refers to st7735.o(i.ST7735_FillScreen) for ST7735_FillScreen
    st7735.o(i.Output_Off) refers to st7735.o(i.Output_Clear) for Output_Clear
    st7735.o(i.Output_On) refers to st7735.o(i.Output_Init) for Output_Init
    st7735.o(i.ST7735_DrawBitmap) refers to st7735.o(i.setAddrWindow) for setAddrWindow
    st7735.o(i.ST7735_DrawBitmap) refers to lcd.o(.text) for writedata
    st7735.o(i.ST7735_DrawBitmap) refers to st7735.o(.data) for _width
    st7735.o(i.ST7735_DrawChar) refers to st7735.o(i.setAddrWindow) for setAddrWindow
    st7735.o(i.ST7735_DrawChar) refers to st7735.o(i.pushColor) for pushColor
    st7735.o(i.ST7735_DrawChar) refers to st7735.o(.data) for _width
    st7735.o(i.ST7735_DrawChar) refers to st7735.o(.constdata) for Font
    st7735.o(i.ST7735_DrawCharS) refers to st7735.o(i.ST7735_DrawPixel) for ST7735_DrawPixel
    st7735.o(i.ST7735_DrawCharS) refers to st7735.o(i.ST7735_FillRect) for ST7735_FillRect
    st7735.o(i.ST7735_DrawCharS) refers to st7735.o(.data) for _width
    st7735.o(i.ST7735_DrawCharS) refers to st7735.o(.constdata) for Font
    st7735.o(i.ST7735_DrawFastHLine) refers to st7735.o(i.setAddrWindow) for setAddrWindow
    st7735.o(i.ST7735_DrawFastHLine) refers to lcd.o(.text) for writedata
    st7735.o(i.ST7735_DrawFastHLine) refers to st7735.o(.data) for _width
    st7735.o(i.ST7735_DrawFastVLine) refers to st7735.o(i.setAddrWindow) for setAddrWindow
    st7735.o(i.ST7735_DrawFastVLine) refers to lcd.o(.text) for writedata
    st7735.o(i.ST7735_DrawFastVLine) refers to st7735.o(.data) for _width
    st7735.o(i.ST7735_DrawPixel) refers to st7735.o(i.setAddrWindow) for setAddrWindow
    st7735.o(i.ST7735_DrawPixel) refers to st7735.o(i.pushColor) for pushColor
    st7735.o(i.ST7735_DrawPixel) refers to st7735.o(.data) for _width
    st7735.o(i.ST7735_DrawString) refers to st7735.o(i.ST7735_DrawCharS) for ST7735_DrawCharS
    st7735.o(i.ST7735_FillRect) refers to st7735.o(i.setAddrWindow) for setAddrWindow
    st7735.o(i.ST7735_FillRect) refers to lcd.o(.text) for writedata
    st7735.o(i.ST7735_FillRect) refers to st7735.o(.data) for _width
    st7735.o(i.ST7735_FillScreen) refers to st7735.o(i.ST7735_FillRect) for ST7735_FillRect
    st7735.o(i.ST7735_FillScreen) refers to st7735.o(.data) for _height
    st7735.o(i.ST7735_InitB) refers to st7735.o(i.commonInit) for commonInit
    st7735.o(i.ST7735_InitB) refers to st7735.o(i.ST7735_SetCursor) for ST7735_SetCursor
    st7735.o(i.ST7735_InitB) refers to st7735.o(i.ST7735_FillScreen) for ST7735_FillScreen
    st7735.o(i.ST7735_InitB) refers to st7735.o(.constdata) for Bcmd
    st7735.o(i.ST7735_InitB) refers to st7735.o(.data) for StTextColor
    st7735.o(i.ST7735_InitR) refers to st7735.o(i.commonInit) for commonInit
    st7735.o(i.ST7735_InitR) refers to st7735.o(i.commandList) for commandList
    st7735.o(i.ST7735_InitR) refers to lcd.o(.text) for writecommand
    st7735.o(i.ST7735_InitR) refers to st7735.o(i.ST7735_SetCursor) for ST7735_SetCursor
    st7735.o(i.ST7735_InitR) refers to st7735.o(i.ST7735_FillScreen) for ST7735_FillScreen
    st7735.o(i.ST7735_InitR) refers to st7735.o(.constdata) for Rcmd1
    st7735.o(i.ST7735_InitR) refers to st7735.o(.data) for ColStart
    st7735.o(i.ST7735_InvertDisplay) refers to lcd.o(.text) for writecommand
    st7735.o(i.ST7735_OutChar) refers to st7735.o(i.ST7735_DrawString) for ST7735_DrawString
    st7735.o(i.ST7735_OutChar) refers to st7735.o(i.ST7735_DrawCharS) for ST7735_DrawCharS
    st7735.o(i.ST7735_OutChar) refers to st7735.o(.data) for StY
    st7735.o(i.ST7735_OutString) refers to st7735.o(i.ST7735_OutChar) for ST7735_OutChar
    st7735.o(i.ST7735_OutUDec) refers to st7735.o(i.fillmessage) for fillmessage
    st7735.o(i.ST7735_OutUDec) refers to st7735.o(i.ST7735_DrawString) for ST7735_DrawString
    st7735.o(i.ST7735_OutUDec) refers to st7735.o(i.ST7735_DrawCharS) for ST7735_DrawCharS
    st7735.o(i.ST7735_OutUDec) refers to st7735.o(.data) for Messageindex
    st7735.o(i.ST7735_OutUDec) refers to st7735.o(.bss) for Message
    st7735.o(i.ST7735_PlotBar) refers to st7735.o(i.ST7735_DrawFastVLine) for ST7735_DrawFastVLine
    st7735.o(i.ST7735_PlotBar) refers to st7735.o(.data) for Ymin
    st7735.o(i.ST7735_PlotClear) refers to st7735.o(i.ST7735_Color565) for ST7735_Color565
    st7735.o(i.ST7735_PlotClear) refers to st7735.o(i.ST7735_FillRect) for ST7735_FillRect
    st7735.o(i.ST7735_PlotClear) refers to st7735.o(.data) for Ymax
    st7735.o(i.ST7735_PlotLine) refers to st7735.o(i.ST7735_DrawPixel) for ST7735_DrawPixel
    st7735.o(i.ST7735_PlotLine) refers to st7735.o(.data) for Ymin
    st7735.o(i.ST7735_PlotNext) refers to st7735.o(.data) for X
    st7735.o(i.ST7735_PlotNextErase) refers to st7735.o(i.ST7735_Color565) for ST7735_Color565
    st7735.o(i.ST7735_PlotNextErase) refers to st7735.o(i.ST7735_DrawFastVLine) for ST7735_DrawFastVLine
    st7735.o(i.ST7735_PlotNextErase) refers to st7735.o(.data) for X
    st7735.o(i.ST7735_PlotPoint) refers to st7735.o(i.ST7735_DrawPixel) for ST7735_DrawPixel
    st7735.o(i.ST7735_PlotPoint) refers to st7735.o(.data) for Ymin
    st7735.o(i.ST7735_PlotPoints) refers to st7735.o(i.ST7735_DrawPixel) for ST7735_DrawPixel
    st7735.o(i.ST7735_PlotPoints) refers to st7735.o(.data) for Ymin
    st7735.o(i.ST7735_PlotdBfs) refers to st7735.o(i.ST7735_DrawFastVLine) for ST7735_DrawFastVLine
    st7735.o(i.ST7735_PlotdBfs) refers to st7735.o(.constdata) for dBfs
    st7735.o(i.ST7735_PlotdBfs) refers to st7735.o(.data) for X
    st7735.o(i.ST7735_SetCursor) refers to st7735.o(.data) for StX
    st7735.o(i.ST7735_SetRotation) refers to lcd.o(.text) for writecommand
    st7735.o(i.ST7735_SetRotation) refers to st7735.o(.data) for Rotation
    st7735.o(i.ST7735_SetTextColor) refers to st7735.o(.data) for StTextColor
    st7735.o(i.commandList) refers to lcd.o(.text) for writecommand
    st7735.o(i.commandList) refers to st7735.o(i.Delay1ms) for Delay1ms
    st7735.o(i.commonInit) refers to st7735.o(i.Delay1ms) for Delay1ms
    st7735.o(i.commonInit) refers to st7735.o(i.commandList) for commandList
    st7735.o(i.commonInit) refers to st7735.o(.data) for RowStart
    st7735.o(i.fillmessage) refers to st7735.o(.bss) for Message
    st7735.o(i.fillmessage) refers to st7735.o(.data) for Messageindex
    st7735.o(i.fputc) refers to st7735.o(i.ST7735_OutChar) for ST7735_OutChar
    st7735.o(i.pushColor) refers to lcd.o(.text) for writedata
    st7735.o(i.retY) refers to st7735.o(.data) for StY
    st7735.o(i.setAddrWindow) refers to lcd.o(.text) for writecommand
    st7735.o(i.setAddrWindow) refers to st7735.o(.data) for ColStart
    spaceinvaders.o(i.PeriodicTask) refers to spaceinvaders.o(.data) for updateGame
    spaceinvaders.o(i.main) refers to pll.o(i.PLL_Init) for PLL_Init
    spaceinvaders.o(i.main) refers to random.o(.text) for Random_Init
    spaceinvaders.o(i.main) refers to adc.o(i.ADC_Init) for ADC_Init
    spaceinvaders.o(i.main) refers to dac.o(i.DAC_Init) for DAC_Init
    spaceinvaders.o(i.main) refers to sound.o(i.Sound_Init) for Sound_Init
    spaceinvaders.o(i.main) refers to st7735.o(i.Output_Init) for Output_Init
    spaceinvaders.o(i.main) refers to io.o(i.ports_init) for ports_init
    spaceinvaders.o(i.main) refers to st7735.o(i.ST7735_FillScreen) for ST7735_FillScreen
    spaceinvaders.o(i.main) refers to timer0.o(i.Timer0_Init) for Timer0_Init
    spaceinvaders.o(i.main) refers to animations.o(i.intro) for intro
    spaceinvaders.o(i.main) refers to background.o(i.generate_bg) for generate_bg
    spaceinvaders.o(i.main) refers to spaceinvaders.o(i.Delay100ms) for Delay100ms
    spaceinvaders.o(i.main) refers to engine.o(i.player_init) for player_init
    spaceinvaders.o(i.main) refers to engine.o(i.mobgen) for mobgen
    spaceinvaders.o(i.main) refers to engine.o(i.boundary) for boundary
    spaceinvaders.o(i.main) refers to engine.o(i.player_update) for player_update
    spaceinvaders.o(i.main) refers to engine.o(i.shooter_update) for shooter_update
    spaceinvaders.o(i.main) refers to engine.o(i.displayframe) for displayframe
    spaceinvaders.o(i.main) refers to spaceinvaders.o(i.PeriodicTask) for PeriodicTask
    spaceinvaders.o(i.main) refers to spaceinvaders.o(.data) for updateGame
    background.o(i.fill_bg) refers to st7735.o(i.ST7735_SetCursor) for ST7735_SetCursor
    background.o(i.fill_bg) refers to st7735.o(i.ST7735_DrawBitmap) for ST7735_DrawBitmap
    background.o(i.fill_bg) refers to images.o(.constdata) for background_main
    background.o(i.generate_bg) refers to st7735.o(i.ST7735_SetCursor) for ST7735_SetCursor
    background.o(i.generate_bg) refers to st7735.o(i.ST7735_DrawBitmap) for ST7735_DrawBitmap
    background.o(i.generate_bg) refers to images.o(.constdata) for background_main
    animations.o(i.ST7735_Typewrite) refers to st7735.o(i.retY) for retY
    animations.o(i.ST7735_Typewrite) refers to st7735.o(i.ST7735_SetCursor) for ST7735_SetCursor
    animations.o(i.ST7735_Typewrite) refers to st7735.o(i.ST7735_OutChar) for ST7735_OutChar
    animations.o(i.ST7735_Typewrite) refers to spaceinvaders.o(i.Delay10ms) for Delay10ms
    animations.o(i.intro) refers to st7735.o(i.ST7735_FillScreen) for ST7735_FillScreen
    animations.o(i.intro) refers to st7735.o(i.ST7735_SetTextColor) for ST7735_SetTextColor
    animations.o(i.intro) refers to st7735.o(i.ST7735_SetCursor) for ST7735_SetCursor
    animations.o(i.intro) refers to animations.o(i.title_screen) for title_screen
    animations.o(i.title_screen) refers to st7735.o(i.ST7735_DrawBitmap) for ST7735_DrawBitmap
    animations.o(i.title_screen) refers to spaceinvaders.o(i.Delay100ms) for Delay100ms
    animations.o(i.title_screen) refers to images.o(.constdata) for title_text
    engine.o(i.boundary) refers to engine.o(.bss) for player
    engine.o(i.displayframe) refers to st7735.o(i.ST7735_DrawBitmap) for ST7735_DrawBitmap
    engine.o(i.displayframe) refers to background.o(i.fill_bg) for fill_bg
    engine.o(i.displayframe) refers to engine.o(.bss) for player
    engine.o(i.mobgen) refers to spaceinvaders.o(.data) for score
    engine.o(i.mobgen) refers to engine.o(.bss) for mob
    engine.o(i.mobgen) refers to engine.o(.constdata) for shooter_sprite
    engine.o(i.player_init) refers to engine.o(.bss) for player
    engine.o(i.player_init) refers to engine.o(.constdata) for player_sprite
    engine.o(i.player_update) refers to io.o(i.current_position) for current_position
    engine.o(i.player_update) refers to sound.o(i.Sound_Shoot) for Sound_Shoot
    engine.o(i.player_update) refers to engine.o(i.collision) for collision
    engine.o(i.player_update) refers to background.o(i.fill_bg) for fill_bg
    engine.o(i.player_update) refers to sound.o(i.Sound_Killed) for Sound_Killed
    engine.o(i.player_update) refers to st7735.o(i.ST7735_DrawBitmap) for ST7735_DrawBitmap
    engine.o(i.player_update) refers to spaceinvaders.o(.data) for move_new
    engine.o(i.player_update) refers to engine.o(.bss) for player
    engine.o(i.player_update) refers to engine.o(.data) for is_bullet
    engine.o(i.player_update) refers to engine.o(.constdata) for bullet_player
    engine.o(i.player_update) refers to images.o(.constdata) for win
    engine.o(i.shooter_update) refers to engine.o(i.collision) for collision
    engine.o(i.shooter_update) refers to st7735.o(i.ST7735_DrawBitmap) for ST7735_DrawBitmap
    engine.o(i.shooter_update) refers to sound.o(i.Sound_Shoot) for Sound_Shoot
    engine.o(i.shooter_update) refers to engine.o(.bss) for mob_bullet
    engine.o(i.shooter_update) refers to images.o(.constdata) for loss
    engine.o(i.shooter_update) refers to engine.o(.data) for shot_exist
    engine.o(i.shooter_update) refers to spaceinvaders.o(.data) for timercount
    engine.o(i.shooter_update) refers to engine.o(.constdata) for bullet_mob
    engine.o(i.sweeper_update) refers to engine.o(.bss) for mob
    engine.o(i.sweeper_update) refers to engine.o(.data) for sweeper_flag
    io.o(i.IO_Touch) refers to st7735.o(i.Delay1ms) for Delay1ms
    io.o(i.current_position) refers to adc.o(i.ADC_In) for ADC_In
    __main.o(!!!main) refers to __rtentry.o(.ARM.Collect$$rtentry$$00000000) for __rt_entry
    __rtentry.o(.ARM.Collect$$rtentry$$00000000) refers (Special) to __rtentry2.o(.ARM.Collect$$rtentry$$0000000A) for __rt_entry_li
    __rtentry.o(.ARM.Collect$$rtentry$$00000000) refers (Special) to __rtentry2.o(.ARM.Collect$$rtentry$$0000000D) for __rt_entry_main
    __rtentry.o(.ARM.Collect$$rtentry$$00000000) refers (Special) to __rtentry2.o(.ARM.Collect$$rtentry$$0000000C) for __rt_entry_postli_1
    __rtentry.o(.ARM.Collect$$rtentry$$00000000) refers (Special) to __rtentry2.o(.ARM.Collect$$rtentry$$00000009) for __rt_entry_postsh_1
    __rtentry.o(.ARM.Collect$$rtentry$$00000000) refers (Special) to __rtentry2.o(.ARM.Collect$$rtentry$$00000002) for __rt_entry_presh_1
    __rtentry.o(.ARM.Collect$$rtentry$$00000000) refers (Special) to __rtentry4.o(.ARM.Collect$$rtentry$$00000004) for __rt_entry_sh
    __rtentry2.o(.ARM.Collect$$rtentry$$00000008) refers to boardinit2.o(.text) for _platform_post_stackheap_init
    __rtentry2.o(.ARM.Collect$$rtentry$$0000000A) refers to libinit.o(.ARM.Collect$$libinit$$00000000) for __rt_lib_init
    __rtentry2.o(.ARM.Collect$$rtentry$$0000000B) refers to boardinit3.o(.text) for _platform_post_lib_init
    __rtentry2.o(.ARM.Collect$$rtentry$$0000000D) refers to spaceinvaders.o(i.main) for main
    __rtentry2.o(.ARM.Collect$$rtentry$$0000000D) refers to exit.o(.text) for exit
    __rtentry2.o(.ARM.exidx) refers to __rtentry2.o(.ARM.Collect$$rtentry$$00000001) for .ARM.Collect$$rtentry$$00000001
    __rtentry2.o(.ARM.exidx) refers to __rtentry2.o(.ARM.Collect$$rtentry$$00000008) for .ARM.Collect$$rtentry$$00000008
    __rtentry2.o(.ARM.exidx) refers to __rtentry2.o(.ARM.Collect$$rtentry$$0000000A) for .ARM.Collect$$rtentry$$0000000A
    __rtentry2.o(.ARM.exidx) refers to __rtentry2.o(.ARM.Collect$$rtentry$$0000000B) for .ARM.Collect$$rtentry$$0000000B
    __rtentry2.o(.ARM.exidx) refers to __rtentry2.o(.ARM.Collect$$rtentry$$0000000D) for .ARM.Collect$$rtentry$$0000000D
    __rtentry4.o(.ARM.Collect$$rtentry$$00000004) refers to sys_stackheap_outer.o(.text) for __user_setup_stackheap
    __rtentry4.o(.ARM.exidx) refers to __rtentry4.o(.ARM.Collect$$rtentry$$00000004) for .ARM.Collect$$rtentry$$00000004
    sys_stackheap_outer.o(.text) refers to libspace.o(.text) for __user_perproc_libspace
    sys_stackheap_outer.o(.text) refers to startup.o(.text) for __user_initial_stackheap
    exit.o(.text) refers to rtexit.o(.ARM.Collect$$rtexit$$00000000) for __rt_exit
    libinit.o(.ARM.Collect$$libinit$$00000000) refers (Special) to libinit2.o(.ARM.Collect$$libinit$$0000002E) for __rt_lib_init_alloca_1
    libinit.o(.ARM.Collect$$libinit$$00000000) refers (Special) to libinit2.o(.ARM.Collect$$libinit$$0000002C) for __rt_lib_init_argv_1
    libinit.o(.ARM.Collect$$libinit$$00000000) refers (Special) to libinit2.o(.ARM.Collect$$libinit$$0000001B) for __rt_lib_init_atexit_1
    libinit.o(.ARM.Collect$$libinit$$00000000) refers (Special) to libinit2.o(.ARM.Collect$$libinit$$00000021) for __rt_lib_init_clock_1
    libinit.o(.ARM.Collect$$libinit$$00000000) refers (Special) to libinit2.o(.ARM.Collect$$libinit$$00000032) for __rt_lib_init_cpp_1
    libinit.o(.ARM.Collect$$libinit$$00000000) refers (Special) to libinit2.o(.ARM.Collect$$libinit$$00000030) for __rt_lib_init_exceptions_1
    libinit.o(.ARM.Collect$$libinit$$00000000) refers (Special) to libinit2.o(.ARM.Collect$$libinit$$00000002) for __rt_lib_init_fp_1
    libinit.o(.ARM.Collect$$libinit$$00000000) refers (Special) to libinit2.o(.ARM.Collect$$libinit$$0000001F) for __rt_lib_init_fp_trap_1
    libinit.o(.ARM.Collect$$libinit$$00000000) refers (Special) to libinit2.o(.ARM.Collect$$libinit$$00000023) for __rt_lib_init_getenv_1
    libinit.o(.ARM.Collect$$libinit$$00000000) refers (Special) to libinit2.o(.ARM.Collect$$libinit$$0000000A) for __rt_lib_init_heap_1
    libinit.o(.ARM.Collect$$libinit$$00000000) refers (Special) to libinit2.o(.ARM.Collect$$libinit$$00000011) for __rt_lib_init_lc_collate_1
    libinit.o(.ARM.Collect$$libinit$$00000000) refers (Special) to libinit2.o(.ARM.Collect$$libinit$$00000013) for __rt_lib_init_lc_ctype_1
    libinit.o(.ARM.Collect$$libinit$$00000000) refers (Special) to libinit2.o(.ARM.Collect$$libinit$$00000015) for __rt_lib_init_lc_monetary_1
    libinit.o(.ARM.Collect$$libinit$$00000000) refers (Special) to libinit2.o(.ARM.Collect$$libinit$$00000017) for __rt_lib_init_lc_numeric_1
    libinit.o(.ARM.Collect$$libinit$$00000000) refers (Special) to libinit2.o(.ARM.Collect$$libinit$$00000019) for __rt_lib_init_lc_time_1
    libinit.o(.ARM.Collect$$libinit$$00000000) refers (Special) to libinit2.o(.ARM.Collect$$libinit$$00000004) for __rt_lib_init_preinit_1
    libinit.o(.ARM.Collect$$libinit$$00000000) refers (Special) to libinit2.o(.ARM.Collect$$libinit$$0000000E) for __rt_lib_init_rand_1
    libinit.o(.ARM.Collect$$libinit$$00000000) refers (Special) to libinit2.o(.ARM.Collect$$libinit$$00000033) for __rt_lib_init_return
    libinit.o(.ARM.Collect$$libinit$$00000000) refers (Special) to libinit2.o(.ARM.Collect$$libinit$$0000001D) for __rt_lib_init_signal_1
    libinit.o(.ARM.Collect$$libinit$$00000000) refers (Special) to libinit2.o(.ARM.Collect$$libinit$$00000025) for __rt_lib_init_stdio_1
    libinit.o(.ARM.Collect$$libinit$$00000000) refers (Special) to libinit2.o(.ARM.Collect$$libinit$$0000000C) for __rt_lib_init_user_alloc_1
    libspace.o(.text) refers to libspace.o(.bss) for __libspace_start
    rtexit.o(.ARM.Collect$$rtexit$$00000000) refers (Special) to rtexit2.o(.ARM.Collect$$rtexit$$00000004) for __rt_exit_exit
    rtexit.o(.ARM.Collect$$rtexit$$00000000) refers (Special) to rtexit2.o(.ARM.Collect$$rtexit$$00000003) for __rt_exit_ls
    rtexit.o(.ARM.Collect$$rtexit$$00000000) refers (Special) to rtexit2.o(.ARM.Collect$$rtexit$$00000002) for __rt_exit_prels_1
    rtexit.o(.ARM.exidx) refers (Special) to rtexit2.o(.ARM.Collect$$rtexit$$00000004) for __rt_exit_exit
    rtexit.o(.ARM.exidx) refers (Special) to rtexit2.o(.ARM.Collect$$rtexit$$00000003) for __rt_exit_ls
    rtexit.o(.ARM.exidx) refers (Special) to rtexit2.o(.ARM.Collect$$rtexit$$00000002) for __rt_exit_prels_1
    rtexit.o(.ARM.exidx) refers to rtexit.o(.ARM.Collect$$rtexit$$00000000) for .ARM.Collect$$rtexit$$00000000
    libinit2.o(.ARM.Collect$$libinit$$00000010) refers to libinit2.o(.ARM.Collect$$libinit$$0000000F) for .ARM.Collect$$libinit$$0000000F
    libinit2.o(.ARM.Collect$$libinit$$00000012) refers to libinit2.o(.ARM.Collect$$libinit$$0000000F) for .ARM.Collect$$libinit$$0000000F
    libinit2.o(.ARM.Collect$$libinit$$00000014) refers to libinit2.o(.ARM.Collect$$libinit$$0000000F) for .ARM.Collect$$libinit$$0000000F
    libinit2.o(.ARM.Collect$$libinit$$00000016) refers to libinit2.o(.ARM.Collect$$libinit$$0000000F) for .ARM.Collect$$libinit$$0000000F
    libinit2.o(.ARM.Collect$$libinit$$00000018) refers to libinit2.o(.ARM.Collect$$libinit$$0000000F) for .ARM.Collect$$libinit$$0000000F
    libinit2.o(.ARM.Collect$$libinit$$00000026) refers to argv_veneer.o(.emb_text) for __ARM_argv_veneer
    libinit2.o(.ARM.Collect$$libinit$$00000027) refers to argv_veneer.o(.emb_text) for __ARM_argv_veneer
    rtexit2.o(.ARM.Collect$$rtexit$$00000003) refers to libshutdown.o(.ARM.Collect$$libshutdown$$00000000) for __rt_lib_shutdown
    rtexit2.o(.ARM.Collect$$rtexit$$00000004) refers to sys_exit.o(.text) for _sys_exit
    rtexit2.o(.ARM.exidx) refers to rtexit2.o(.ARM.Collect$$rtexit$$00000001) for .ARM.Collect$$rtexit$$00000001
    rtexit2.o(.ARM.exidx) refers to rtexit2.o(.ARM.Collect$$rtexit$$00000003) for .ARM.Collect$$rtexit$$00000003
    rtexit2.o(.ARM.exidx) refers to rtexit2.o(.ARM.Collect$$rtexit$$00000004) for .ARM.Collect$$rtexit$$00000004
    argv_veneer.o(.emb_text) refers to no_argv.o(.text) for __ARM_get_argv
    sys_exit.o(.text) refers (Special) to use_no_semi.o(.text) for __I$use$semihosting
    sys_exit.o(.text) refers (Special) to indicate_semi.o(.text) for __semihosting_library_function
    _get_argv_nomalloc.o(.text) refers (Special) to hrguard.o(.text) for __heap_region$guard
    _get_argv_nomalloc.o(.text) refers to defsig_rtmem_outer.o(.text) for __rt_SIGRTMEM
    _get_argv_nomalloc.o(.text) refers to sys_command.o(.text) for _sys_command_string
    libshutdown.o(.ARM.Collect$$libshutdown$$00000000) refers (Special) to libshutdown2.o(.ARM.Collect$$libshutdown$$00000002) for __rt_lib_shutdown_cpp_1
    libshutdown.o(.ARM.Collect$$libshutdown$$00000000) refers (Special) to libshutdown2.o(.ARM.Collect$$libshutdown$$00000007) for __rt_lib_shutdown_fp_trap_1
    libshutdown.o(.ARM.Collect$$libshutdown$$00000000) refers (Special) to libshutdown2.o(.ARM.Collect$$libshutdown$$0000000F) for __rt_lib_shutdown_heap_1
    libshutdown.o(.ARM.Collect$$libshutdown$$00000000) refers (Special) to libshutdown2.o(.ARM.Collect$$libshutdown$$00000010) for __rt_lib_shutdown_return
    libshutdown.o(.ARM.Collect$$libshutdown$$00000000) refers (Special) to libshutdown2.o(.ARM.Collect$$libshutdown$$0000000A) for __rt_lib_shutdown_signal_1
    libshutdown.o(.ARM.Collect$$libshutdown$$00000000) refers (Special) to libshutdown2.o(.ARM.Collect$$libshutdown$$00000004) for __rt_lib_shutdown_stdio_1
    libshutdown.o(.ARM.Collect$$libshutdown$$00000000) refers (Special) to libshutdown2.o(.ARM.Collect$$libshutdown$$0000000C) for __rt_lib_shutdown_user_alloc_1
    sys_command.o(.text) refers (Special) to use_no_semi.o(.text) for __I$use$semihosting
    sys_command.o(.text) refers (Special) to indicate_semi.o(.text) for __semihosting_library_function
    defsig_rtmem_outer.o(.text) refers to defsig_rtmem_inner.o(.text) for __rt_SIGRTMEM_inner
    defsig_rtmem_outer.o(.text) refers to defsig_exit.o(.text) for __sig_exit
    defsig_rtmem_formal.o(.text) refers to rt_raise.o(.text) for __rt_raise
    rt_raise.o(.text) refers to __raise.o(.text) for __raise
    rt_raise.o(.text) refers to sys_exit.o(.text) for _sys_exit
    defsig_exit.o(.text) refers to sys_exit.o(.text) for _sys_exit
    defsig_rtmem_inner.o(.text) refers to defsig_general.o(.text) for __default_signal_display
    __raise.o(.text) refers to defsig.o(CL$$defsig) for __default_signal_handler
    defsig_general.o(.text) refers to sys_wrch.o(.text) for _ttywrch
    sys_wrch.o(.text) refers (Special) to use_no_semi.o(.text) for __I$use$semihosting
    sys_wrch.o(.text) refers (Special) to indicate_semi.o(.text) for __semihosting_library_function
    defsig.o(CL$$defsig) refers to defsig_rtmem_inner.o(.text) for __rt_SIGRTMEM_inner
    defsig_abrt_inner.o(.text) refers to defsig_general.o(.text) for __default_signal_display
    defsig_fpe_inner.o(.text) refers to defsig_general.o(.text) for __default_signal_display
    defsig_rtred_inner.o(.text) refers to defsig_general.o(.text) for __default_signal_display
    defsig_stak_inner.o(.text) refers to defsig_general.o(.text) for __default_signal_display
    defsig_pvfn_inner.o(.text) refers to defsig_general.o(.text) for __default_signal_display
    defsig_cppl_inner.o(.text) refers to defsig_general.o(.text) for __default_signal_display
    defsig_segv_inner.o(.text) refers to defsig_general.o(.text) for __default_signal_display
    defsig_other.o(.text) refers to defsig_general.o(.text) for __default_signal_display


==============================================================================

Removing Unused input sections from the image.

    Removing timer1.o(i.Timer1_Init), (96 bytes).
    Removing sound.o(i.Sound_Victory), (36 bytes).
    Removing print.o(.text), (176 bytes).
    Removing st7735.o(i.Output_Clear), (10 bytes).
    Removing st7735.o(i.Output_Color), (12 bytes).
    Removing st7735.o(i.Output_Off), (8 bytes).
    Removing st7735.o(i.Output_On), (8 bytes).
    Removing st7735.o(i.ST7735_Color565), (24 bytes).
    Removing st7735.o(i.ST7735_DrawChar), (272 bytes).
    Removing st7735.o(i.ST7735_DrawCharS), (248 bytes).
    Removing st7735.o(i.ST7735_DrawFastHLine), (124 bytes).
    Removing st7735.o(i.ST7735_DrawFastVLine), (124 bytes).
    Removing st7735.o(i.ST7735_DrawPixel), (72 bytes).
    Removing st7735.o(i.ST7735_DrawString), (86 bytes).
    Removing st7735.o(i.ST7735_InitB), (40 bytes).
    Removing st7735.o(i.ST7735_InvertDisplay), (22 bytes).
    Removing st7735.o(i.ST7735_OutChar), (212 bytes).
    Removing st7735.o(i.ST7735_OutString), (24 bytes).
    Removing st7735.o(i.ST7735_OutUDec), (140 bytes).
    Removing st7735.o(i.ST7735_PlotBar), (88 bytes).
    Removing st7735.o(i.ST7735_PlotClear), (92 bytes).
    Removing st7735.o(i.ST7735_PlotLine), (264 bytes).
    Removing st7735.o(i.ST7735_PlotNext), (32 bytes).
    Removing st7735.o(i.ST7735_PlotNextErase), (64 bytes).
    Removing st7735.o(i.ST7735_PlotPoint), (152 bytes).
    Removing st7735.o(i.ST7735_PlotPoints), (172 bytes).
    Removing st7735.o(i.ST7735_PlotdBfs), (60 bytes).
    Removing st7735.o(i.ST7735_SetRotation), (212 bytes).
    Removing st7735.o(i.ST7735_SwapColor), (18 bytes).
    Removing st7735.o(i.ferror), (8 bytes).
    Removing st7735.o(i.fgetc), (6 bytes).
    Removing st7735.o(i.fillmessage), (72 bytes).
    Removing st7735.o(i.fputc), (16 bytes).
    Removing st7735.o(i.pushColor), (18 bytes).
    Removing st7735.o(i.retY), (12 bytes).
    Removing st7735.o(.bss), (12 bytes).
    Removing spaceinvaders.o(i.Delay10ms), (36 bytes).
    Removing animations.o(i.ST7735_Typewrite), (66 bytes).
    Removing engine.o(i.sweeper_update), (88 bytes).
    Removing io.o(i.IO_Touch), (44 bytes).

40 unused section(s) (total 3266 bytes) removed from the image.

==============================================================================

Image Symbol Table

    Local Symbols

    Symbol Name                              Value     Ov Type        Size  Object(Section)

    RESET                                    0x00000000   Section      644  startup.o(RESET)
    ../clib/angel/boardlib.s                 0x00000000   Number         0  boardinit1.o ABSOLUTE
    ../clib/angel/boardlib.s                 0x00000000   Number         0  boardshut.o ABSOLUTE
    ../clib/angel/boardlib.s                 0x00000000   Number         0  boardinit2.o ABSOLUTE
    ../clib/angel/boardlib.s                 0x00000000   Number         0  boardinit3.o ABSOLUTE
    ../clib/angel/handlers.s                 0x00000000   Number         0  __scatter_zi.o ABSOLUTE
    ../clib/angel/handlers.s                 0x00000000   Number         0  __scatter_copy.o ABSOLUTE
    ../clib/angel/kernel.s                   0x00000000   Number         0  rtexit.o ABSOLUTE
    ../clib/angel/kernel.s                   0x00000000   Number         0  __rtentry.o ABSOLUTE
    ../clib/angel/kernel.s                   0x00000000   Number         0  rtexit2.o ABSOLUTE
    ../clib/angel/kernel.s                   0x00000000   Number         0  __rtentry2.o ABSOLUTE
    ../clib/angel/kernel.s                   0x00000000   Number         0  __rtentry4.o ABSOLUTE
    ../clib/angel/rt.s                       0x00000000   Number         0  rt_raise.o ABSOLUTE
    ../clib/angel/scatter.s                  0x00000000   Number         0  __scatter.o ABSOLUTE
    ../clib/angel/startup.s                  0x00000000   Number         0  __main.o ABSOLUTE
    ../clib/angel/sys.s                      0x00000000   Number         0  indicate_semi.o ABSOLUTE
    ../clib/angel/sys.s                      0x00000000   Number         0  use_no_semi.o ABSOLUTE
    ../clib/angel/sys.s                      0x00000000   Number         0  sys_stackheap_outer.o ABSOLUTE
    ../clib/angel/sys.s                      0x00000000   Number         0  libspace.o ABSOLUTE
    ../clib/angel/sysapp.c                   0x00000000   Number         0  sys_command.o ABSOLUTE
    ../clib/angel/sysapp.c                   0x00000000   Number         0  sys_wrch.o ABSOLUTE
    ../clib/angel/sysapp.c                   0x00000000   Number         0  sys_exit.o ABSOLUTE
    ../clib/armsys.c                         0x00000000   Number         0  argv_veneer.o ABSOLUTE
    ../clib/armsys.c                         0x00000000   Number         0  argv_veneer.o ABSOLUTE
    ../clib/armsys.c                         0x00000000   Number         0  no_argv.o ABSOLUTE
    ../clib/armsys.c                         0x00000000   Number         0  _get_argv_nomalloc.o ABSOLUTE
    ../clib/heapalloc.c                      0x00000000   Number         0  hrguard.o ABSOLUTE
    ../clib/heapaux.c                        0x00000000   Number         0  heapauxi.o ABSOLUTE
    ../clib/libinit.s                        0x00000000   Number         0  libinit2.o ABSOLUTE
    ../clib/libinit.s                        0x00000000   Number         0  libinit.o ABSOLUTE
    ../clib/libinit.s                        0x00000000   Number         0  libshutdown.o ABSOLUTE
    ../clib/libinit.s                        0x00000000   Number         0  libshutdown2.o ABSOLUTE
    ../clib/signal.c                         0x00000000   Number         0  defsig_pvfn_inner.o ABSOLUTE
    ../clib/signal.c                         0x00000000   Number         0  defsig_exit.o ABSOLUTE
    ../clib/signal.c                         0x00000000   Number         0  defsig_rtmem_formal.o ABSOLUTE
    ../clib/signal.c                         0x00000000   Number         0  defsig_rtmem_outer.o ABSOLUTE
    ../clib/signal.c                         0x00000000   Number         0  defsig_other.o ABSOLUTE
    ../clib/signal.c                         0x00000000   Number         0  defsig_segv_inner.o ABSOLUTE
    ../clib/signal.c                         0x00000000   Number         0  defsig_cppl_inner.o ABSOLUTE
    ../clib/signal.c                         0x00000000   Number         0  defsig_stak_inner.o ABSOLUTE
    ../clib/signal.c                         0x00000000   Number         0  defsig_rtred_inner.o ABSOLUTE
    ../clib/signal.c                         0x00000000   Number         0  defsig_fpe_inner.o ABSOLUTE
    ../clib/signal.c                         0x00000000   Number         0  defsig_abrt_inner.o ABSOLUTE
    ../clib/signal.c                         0x00000000   Number         0  defsig_general.o ABSOLUTE
    ../clib/signal.c                         0x00000000   Number         0  __raise.o ABSOLUTE
    ../clib/signal.c                         0x00000000   Number         0  defsig_rtmem_inner.o ABSOLUTE
    ../clib/signal.s                         0x00000000   Number         0  defsig.o ABSOLUTE
    ../clib/stdlib.c                         0x00000000   Number         0  exit.o ABSOLUTE
    ../fplib/fpinit.s                        0x00000000   Number         0  fpinit.o ABSOLUTE
    ADC.c                                    0x00000000   Number         0  adc.o ABSOLUTE
    DAC.c                                    0x00000000   Number         0  dac.o ABSOLUTE
    Engine.c                                 0x00000000   Number         0  engine.o ABSOLUTE
    IO.c                                     0x00000000   Number         0  io.o ABSOLUTE
    Images.c                                 0x00000000   Number         0  images.o ABSOLUTE
    LCD.s                                    0x00000000   Number         0  lcd.o ABSOLUTE
    PLL.c                                    0x00000000   Number         0  pll.o ABSOLUTE
    Print.s                                  0x00000000   Number         0  print.o ABSOLUTE
    ST7735.c                                 0x00000000   Number         0  st7735.o ABSOLUTE
    Sound.c                                  0x00000000   Number         0  sound.o ABSOLUTE
    SpaceInvaders.c                          0x00000000   Number         0  spaceinvaders.o ABSOLUTE
    Timer0.c                                 0x00000000   Number         0  timer0.o ABSOLUTE
    Timer1.c                                 0x00000000   Number         0  timer1.o ABSOLUTE
    animations.c                             0x00000000   Number         0  animations.o ABSOLUTE
    background.c                             0x00000000   Number         0  background.o ABSOLUTE
    dc.s                                     0x00000000   Number         0  dc.o ABSOLUTE
    random.s                                 0x00000000   Number         0  random.o ABSOLUTE
    startup.s                                0x00000000   Number         0  startup.o ABSOLUTE
    !!!main                                  0x00000284   Section        8  __main.o(!!!main)
    !!!scatter                               0x0000028c   Section       52  __scatter.o(!!!scatter)
    !!handler_copy                           0x000002c0   Section       26  __scatter_copy.o(!!handler_copy)
    !!handler_zi                             0x000002dc   Section       28  __scatter_zi.o(!!handler_zi)
    .ARM.Collect$$libinit$$00000000          0x000002f8   Section        2  libinit.o(.ARM.Collect$$libinit$$00000000)
    .ARM.Collect$$libinit$$00000002          0x000002fa   Section        0  libinit2.o(.ARM.Collect$$libinit$$00000002)
    .ARM.Collect$$libinit$$00000004          0x000002fa   Section        0  libinit2.o(.ARM.Collect$$libinit$$00000004)
    .ARM.Collect$$libinit$$0000000A          0x000002fa   Section        0  libinit2.o(.ARM.Collect$$libinit$$0000000A)
    .ARM.Collect$$libinit$$0000000C          0x000002fa   Section        0  libinit2.o(.ARM.Collect$$libinit$$0000000C)
    .ARM.Collect$$libinit$$0000000E          0x000002fa   Section        0  libinit2.o(.ARM.Collect$$libinit$$0000000E)
    .ARM.Collect$$libinit$$00000011          0x000002fa   Section        0  libinit2.o(.ARM.Collect$$libinit$$00000011)
    .ARM.Collect$$libinit$$00000013          0x000002fa   Section        0  libinit2.o(.ARM.Collect$$libinit$$00000013)
    .ARM.Collect$$libinit$$00000015          0x000002fa   Section        0  libinit2.o(.ARM.Collect$$libinit$$00000015)
    .ARM.Collect$$libinit$$00000017          0x000002fa   Section        0  libinit2.o(.ARM.Collect$$libinit$$00000017)
    .ARM.Collect$$libinit$$00000019          0x000002fa   Section        0  libinit2.o(.ARM.Collect$$libinit$$00000019)
    .ARM.Collect$$libinit$$0000001B          0x000002fa   Section        0  libinit2.o(.ARM.Collect$$libinit$$0000001B)
    .ARM.Collect$$libinit$$0000001D          0x000002fa   Section        0  libinit2.o(.ARM.Collect$$libinit$$0000001D)
    .ARM.Collect$$libinit$$0000001F          0x000002fa   Section        0  libinit2.o(.ARM.Collect$$libinit$$0000001F)
    .ARM.Collect$$libinit$$00000021          0x000002fa   Section        0  libinit2.o(.ARM.Collect$$libinit$$00000021)
    .ARM.Collect$$libinit$$00000023          0x000002fa   Section        0  libinit2.o(.ARM.Collect$$libinit$$00000023)
    .ARM.Collect$$libinit$$00000025          0x000002fa   Section        0  libinit2.o(.ARM.Collect$$libinit$$00000025)
    .ARM.Collect$$libinit$$0000002C          0x000002fa   Section        0  libinit2.o(.ARM.Collect$$libinit$$0000002C)
    .ARM.Collect$$libinit$$0000002E          0x000002fa   Section        0  libinit2.o(.ARM.Collect$$libinit$$0000002E)
    .ARM.Collect$$libinit$$00000030          0x000002fa   Section        0  libinit2.o(.ARM.Collect$$libinit$$00000030)
    .ARM.Collect$$libinit$$00000032          0x000002fa   Section        0  libinit2.o(.ARM.Collect$$libinit$$00000032)
    .ARM.Collect$$libinit$$00000033          0x000002fa   Section        2  libinit2.o(.ARM.Collect$$libinit$$00000033)
    .ARM.Collect$$libshutdown$$00000000      0x000002fc   Section        2  libshutdown.o(.ARM.Collect$$libshutdown$$00000000)
    .ARM.Collect$$libshutdown$$00000002      0x000002fe   Section        0  libshutdown2.o(.ARM.Collect$$libshutdown$$00000002)
    .ARM.Collect$$libshutdown$$00000004      0x000002fe   Section        0  libshutdown2.o(.ARM.Collect$$libshutdown$$00000004)
    .ARM.Collect$$libshutdown$$00000007      0x000002fe   Section        0  libshutdown2.o(.ARM.Collect$$libshutdown$$00000007)
    .ARM.Collect$$libshutdown$$0000000A      0x000002fe   Section        0  libshutdown2.o(.ARM.Collect$$libshutdown$$0000000A)
    .ARM.Collect$$libshutdown$$0000000C      0x000002fe   Section        0  libshutdown2.o(.ARM.Collect$$libshutdown$$0000000C)
    .ARM.Collect$$libshutdown$$0000000F      0x000002fe   Section        0  libshutdown2.o(.ARM.Collect$$libshutdown$$0000000F)
    .ARM.Collect$$libshutdown$$00000010      0x000002fe   Section        2  libshutdown2.o(.ARM.Collect$$libshutdown$$00000010)
    .ARM.Collect$$rtentry$$00000000          0x00000300   Section        0  __rtentry.o(.ARM.Collect$$rtentry$$00000000)
    .ARM.Collect$$rtentry$$00000002          0x00000300   Section        0  __rtentry2.o(.ARM.Collect$$rtentry$$00000002)
    .ARM.Collect$$rtentry$$00000004          0x00000300   Section        6  __rtentry4.o(.ARM.Collect$$rtentry$$00000004)
    .ARM.Collect$$rtentry$$00000009          0x00000306   Section        0  __rtentry2.o(.ARM.Collect$$rtentry$$00000009)
    .ARM.Collect$$rtentry$$0000000A          0x00000306   Section        4  __rtentry2.o(.ARM.Collect$$rtentry$$0000000A)
    .ARM.Collect$$rtentry$$0000000C          0x0000030a   Section        0  __rtentry2.o(.ARM.Collect$$rtentry$$0000000C)
    .ARM.Collect$$rtentry$$0000000D          0x0000030a   Section        8  __rtentry2.o(.ARM.Collect$$rtentry$$0000000D)
    .ARM.Collect$$rtexit$$00000000           0x00000312   Section        2  rtexit.o(.ARM.Collect$$rtexit$$00000000)
    .ARM.Collect$$rtexit$$00000002           0x00000314   Section        0  rtexit2.o(.ARM.Collect$$rtexit$$00000002)
    .ARM.Collect$$rtexit$$00000003           0x00000314   Section        4  rtexit2.o(.ARM.Collect$$rtexit$$00000003)
    .ARM.Collect$$rtexit$$00000004           0x00000318   Section        6  rtexit2.o(.ARM.Collect$$rtexit$$00000004)
    .text                                    0x00000320   Section       48  startup.o(.text)
    .text                                    0x00000350   Section       64  random.o(.text)
    .text                                    0x00000390   Section       76  lcd.o(.text)
    .text                                    0x000003dc   Section        0  heapauxi.o(.text)
    .text                                    0x000003e2   Section       74  sys_stackheap_outer.o(.text)
    .text                                    0x0000042c   Section        0  exit.o(.text)
    .text                                    0x00000440   Section        8  libspace.o(.text)
    .text                                    0x00000448   Section        0  sys_exit.o(.text)
    .text                                    0x00000454   Section        2  use_no_semi.o(.text)
    .text                                    0x00000456   Section        0  indicate_semi.o(.text)
    i.ADC_In                                 0x00000458   Section        0  adc.o(i.ADC_In)
    i.ADC_Init                               0x00000484   Section        0  adc.o(i.ADC_Init)
    i.DAC_Init                               0x0000056c   Section        0  dac.o(i.DAC_Init)
    i.DAC_Out                                0x000005c4   Section        0  dac.o(i.DAC_Out)
    i.Delay100ms                             0x000005d0   Section        0  spaceinvaders.o(i.Delay100ms)
    i.Delay1ms                               0x000005f4   Section        0  st7735.o(i.Delay1ms)
    i.Output_Init                            0x00000614   Section        0  st7735.o(i.Output_Init)
    i.PLL_Init                               0x00000624   Section        0  pll.o(i.PLL_Init)
    i.PeriodicTask                           0x000006a0   Section        0  spaceinvaders.o(i.PeriodicTask)
    i.ST7735_DrawBitmap                      0x000006e4   Section        0  st7735.o(i.ST7735_DrawBitmap)
    i.ST7735_FillRect                        0x00000804   Section        0  st7735.o(i.ST7735_FillRect)
    i.ST7735_FillScreen                      0x000008b0   Section        0  st7735.o(i.ST7735_FillScreen)
    i.ST7735_InitR                           0x000008d4   Section        0  st7735.o(i.ST7735_InitR)
    i.ST7735_SetCursor                       0x00000950   Section        0  st7735.o(i.ST7735_SetCursor)
    i.ST7735_SetTextColor                    0x00000970   Section        0  st7735.o(i.ST7735_SetTextColor)
    i.Sound_Init                             0x0000097c   Section        0  sound.o(i.Sound_Init)
    i.Sound_Killed                           0x000009bc   Section        0  sound.o(i.Sound_Killed)
    i.Sound_Play                             0x000009e0   Section        0  sound.o(i.Sound_Play)
    i.Sound_Shoot                            0x000009f4   Section        0  sound.o(i.Sound_Shoot)
    i.SysTick_Handler                        0x00000a18   Section        0  sound.o(i.SysTick_Handler)
    i.Timer0A_Handler                        0x00000a78   Section        0  timer0.o(i.Timer0A_Handler)
    i.Timer0_Init                            0x00000a90   Section        0  timer0.o(i.Timer0_Init)
    i.Timer1A_Handler                        0x00000af0   Section        0  timer1.o(i.Timer1A_Handler)
    i.boundary                               0x00000b08   Section        0  engine.o(i.boundary)
    i.collision                              0x00000b64   Section        0  engine.o(i.collision)
    i.commandList                            0x00000b9e   Section        0  st7735.o(i.commandList)
    commandList                              0x00000b9f   Thumb Code    86  st7735.o(i.commandList)
    i.commonInit                             0x00000bf4   Section        0  st7735.o(i.commonInit)
    commonInit                               0x00000bf5   Thumb Code   342  st7735.o(i.commonInit)
    i.current_position                       0x00000d7c   Section        0  io.o(i.current_position)
    i.displayframe                           0x00000d9c   Section        0  engine.o(i.displayframe)
    i.fill_bg                                0x00000e94   Section        0  background.o(i.fill_bg)
    i.generate_bg                            0x00000ee0   Section        0  background.o(i.generate_bg)
    i.intro                                  0x00000f00   Section        0  animations.o(i.intro)
    i.main                                   0x00000f34   Section        0  spaceinvaders.o(i.main)
    i.mobgen                                 0x00000fd8   Section        0  engine.o(i.mobgen)
    i.player_init                            0x0000103c   Section        0  engine.o(i.player_init)
    i.player_update                          0x00001074   Section        0  engine.o(i.player_update)
    i.ports_init                             0x000011ec   Section        0  io.o(i.ports_init)
    i.setAddrWindow                          0x00001278   Section        0  st7735.o(i.setAddrWindow)
    setAddrWindow                            0x00001279   Thumb Code   106  st7735.o(i.setAddrWindow)
    i.shooter_update                         0x000012ec   Section        0  engine.o(i.shooter_update)
    i.title_screen                           0x000014d8   Section        0  animations.o(i.title_screen)
    .constdata                               0x00001510   Section    24930  sound.o(.constdata)
    .constdata                               0x00007672   Section     2018  st7735.o(.constdata)
    Font                                     0x00007672   Data        1275  st7735.o(.constdata)
    Bcmd                                     0x00007b6d   Data         103  st7735.o(.constdata)
    Rcmd1                                    0x00007bd4   Data          59  st7735.o(.constdata)
    Rcmd2green                               0x00007c0f   Data          13  st7735.o(.constdata)
    Rcmd2red                                 0x00007c1c   Data          13  st7735.o(.constdata)
    Rcmd3                                    0x00007c29   Data          43  st7735.o(.constdata)
    .constdata                               0x00007e54   Section    204800  images.o(.constdata)
    .constdata                               0x00039e54   Section    14772  engine.o(.constdata)
    .data                                    0x20000000   Section        4  timer0.o(.data)
    .data                                    0x20000004   Section        4  timer1.o(.data)
    .data                                    0x20000008   Section       20  sound.o(.data)
    .data                                    0x2000001c   Section       44  st7735.o(.data)
    ColStart                                 0x20000026   Data           1  st7735.o(.data)
    RowStart                                 0x20000027   Data           1  st7735.o(.data)
    Rotation                                 0x20000028   Data           1  st7735.o(.data)
    TabColor                                 0x20000029   Data           1  st7735.o(.data)
    _width                                   0x2000002a   Data           2  st7735.o(.data)
    _height                                  0x2000002c   Data           2  st7735.o(.data)
    .data                                    0x20000048   Section       32  spaceinvaders.o(.data)
    .data                                    0x20000068   Section       32  engine.o(.data)
    DATA                                     0x20000088   Section        4  random.o(DATA)
    M                                        0x20000088   Data           4  random.o(DATA)
    .bss                                     0x2000008c   Section      120  engine.o(.bss)
    .bss                                     0x20000104   Section       96  libspace.o(.bss)
    HEAP                                     0x20000168   Section        0  startup.o(HEAP)
    STACK                                    0x20000168   Section     1024  startup.o(STACK)
    HeapMem                                  0x20000168   Data           0  startup.o(HEAP)
    StackMem                                 0x20000168   Data           0  startup.o(STACK)

    Global Symbols

    Symbol Name                              Value     Ov Type        Size  Object(Section)

    BuildAttributes$$THM_ISAv4$E$P$D$K$B$S$7EM$PE$A:L22UL41UL21$X:L11$S22US41US21$IEEE1$IW$USESV6$~STKCKD$USESV7$~SHL$OSPACE$ROPI$EBA8$UX$STANDARDLIB$REQ8$PRES8$EABIv2 0x00000000   Number         0  anon$$obj.o ABSOLUTE
    __ARM_use_no_argv                        0x00000000   Number         0  spaceinvaders.o ABSOLUTE
    __Vectors                                0x00000000   Data           0  startup.o(RESET)
    __ARM_exceptions_init                     - Undefined Weak Reference
    __alloca_initialize                       - Undefined Weak Reference
    __arm_preinit_                            - Undefined Weak Reference
    __cpp_initialize__aeabi_                  - Undefined Weak Reference
    __cxa_finalize                            - Undefined Weak Reference
    __rt_locale                               - Undefined Weak Reference
    __sigvec_lookup                           - Undefined Weak Reference
    _atexit_init                              - Undefined Weak Reference
    _call_atexit_fns                          - Undefined Weak Reference
    _clock_init                               - Undefined Weak Reference
    _fp_trap_init                             - Undefined Weak Reference
    _fp_trap_shutdown                         - Undefined Weak Reference
    _get_lc_collate                           - Undefined Weak Reference
    _get_lc_ctype                             - Undefined Weak Reference
    _get_lc_monetary                          - Undefined Weak Reference
    _get_lc_numeric                           - Undefined Weak Reference
    _get_lc_time                              - Undefined Weak Reference
    _getenv_init                              - Undefined Weak Reference
    _handle_redirection                       - Undefined Weak Reference
    _init_alloc                               - Undefined Weak Reference
    _init_user_alloc                          - Undefined Weak Reference
    _initio                                   - Undefined Weak Reference
    _rand_init                                - Undefined Weak Reference
    _signal_finish                            - Undefined Weak Reference
    _signal_init                              - Undefined Weak Reference
    _terminate_alloc                          - Undefined Weak Reference
    _terminate_user_alloc                     - Undefined Weak Reference
    _terminateio                              - Undefined Weak Reference
    Reset_Handler                            0x0000026d   Thumb Code     0  startup.o(RESET)
    NMI_Handler                              0x00000271   Thumb Code     2  startup.o(RESET)
    HardFault_Handler                        0x00000273   Thumb Code     2  startup.o(RESET)
    MemManage_Handler                        0x00000275   Thumb Code     2  startup.o(RESET)
    BusFault_Handler                         0x00000277   Thumb Code     2  startup.o(RESET)
    UsageFault_Handler                       0x00000279   Thumb Code     2  startup.o(RESET)
    SVC_Handler                              0x0000027b   Thumb Code     2  startup.o(RESET)
    DebugMon_Handler                         0x0000027d   Thumb Code     2  startup.o(RESET)
    PendSV_Handler                           0x0000027f   Thumb Code     2  startup.o(RESET)
    ADC0Seq0_Handler                         0x00000283   Thumb Code     0  startup.o(RESET)
    ADC0Seq1_Handler                         0x00000283   Thumb Code     0  startup.o(RESET)
    ADC0Seq2_Handler                         0x00000283   Thumb Code     0  startup.o(RESET)
    ADC0Seq3_Handler                         0x00000283   Thumb Code     0  startup.o(RESET)
    ADC1Seq0_Handler                         0x00000283   Thumb Code     0  startup.o(RESET)
    ADC1Seq1_Handler                         0x00000283   Thumb Code     0  startup.o(RESET)
    ADC1Seq2_Handler                         0x00000283   Thumb Code     0  startup.o(RESET)
    ADC1Seq3_Handler                         0x00000283   Thumb Code     0  startup.o(RESET)
    CAN0_Handler                             0x00000283   Thumb Code     0  startup.o(RESET)
    CAN1_Handler                             0x00000283   Thumb Code     0  startup.o(RESET)
    CAN2_Handler                             0x00000283   Thumb Code     0  startup.o(RESET)
    Comp0_Handler                            0x00000283   Thumb Code     0  startup.o(RESET)
    Comp1_Handler                            0x00000283   Thumb Code     0  startup.o(RESET)
    Comp2_Handler                            0x00000283   Thumb Code     0  startup.o(RESET)
    Ethernet_Handler                         0x00000283   Thumb Code     0  startup.o(RESET)
    ExtBus_Handler                           0x00000283   Thumb Code     0  startup.o(RESET)
    FPU_Handler                              0x00000283   Thumb Code     0  startup.o(RESET)
    Fan0_Handler                             0x00000283   Thumb Code     0  startup.o(RESET)
    FlashCtl_Handler                         0x00000283   Thumb Code     0  startup.o(RESET)
    GPIOPortA_Handler                        0x00000283   Thumb Code     0  startup.o(RESET)
    GPIOPortB_Handler                        0x00000283   Thumb Code     0  startup.o(RESET)
    GPIOPortC_Handler                        0x00000283   Thumb Code     0  startup.o(RESET)
    GPIOPortD_Handler                        0x00000283   Thumb Code     0  startup.o(RESET)
    GPIOPortE_Handler                        0x00000283   Thumb Code     0  startup.o(RESET)
    GPIOPortF_Handler                        0x00000283   Thumb Code     0  startup.o(RESET)
    GPIOPortG_Handler                        0x00000283   Thumb Code     0  startup.o(RESET)
    GPIOPortH_Handler                        0x00000283   Thumb Code     0  startup.o(RESET)
    GPIOPortJ_Handler                        0x00000283   Thumb Code     0  startup.o(RESET)
    GPIOPortK_Handler                        0x00000283   Thumb Code     0  startup.o(RESET)
    GPIOPortL_Handler                        0x00000283   Thumb Code     0  startup.o(RESET)
    GPIOPortM_Handler                        0x00000283   Thumb Code     0  startup.o(RESET)
    GPIOPortN_Handler                        0x00000283   Thumb Code     0  startup.o(RESET)
    GPIOPortP1_Handler                       0x00000283   Thumb Code     0  startup.o(RESET)
    GPIOPortP2_Handler                       0x00000283   Thumb Code     0  startup.o(RESET)
    GPIOPortP3_Handler                       0x00000283   Thumb Code     0  startup.o(RESET)
    GPIOPortP4_Handler                       0x00000283   Thumb Code     0  startup.o(RESET)
    GPIOPortP5_Handler                       0x00000283   Thumb Code     0  startup.o(RESET)
    GPIOPortP6_Handler                       0x00000283   Thumb Code     0  startup.o(RESET)
    GPIOPortP7_Handler                       0x00000283   Thumb Code     0  startup.o(RESET)
    GPIOPortP_Handler                        0x00000283   Thumb Code     0  startup.o(RESET)
    GPIOPortQ1_Handler                       0x00000283   Thumb Code     0  startup.o(RESET)
    GPIOPortQ2_Handler                       0x00000283   Thumb Code     0  startup.o(RESET)
    GPIOPortQ3_Handler                       0x00000283   Thumb Code     0  startup.o(RESET)
    GPIOPortQ4_Handler                       0x00000283   Thumb Code     0  startup.o(RESET)
    GPIOPortQ5_Handler                       0x00000283   Thumb Code     0  startup.o(RESET)
    GPIOPortQ6_Handler                       0x00000283   Thumb Code     0  startup.o(RESET)
    GPIOPortQ7_Handler                       0x00000283   Thumb Code     0  startup.o(RESET)
    GPIOPortQ_Handler                        0x00000283   Thumb Code     0  startup.o(RESET)
    GPIOPortR_Handler                        0x00000283   Thumb Code     0  startup.o(RESET)
    GPIOPortS_Handler                        0x00000283   Thumb Code     0  startup.o(RESET)
    Hibernate_Handler                        0x00000283   Thumb Code     0  startup.o(RESET)
    I2C0_Handler                             0x00000283   Thumb Code     0  startup.o(RESET)
    I2C1_Handler                             0x00000283   Thumb Code     0  startup.o(RESET)
    I2C2_Handler                             0x00000283   Thumb Code     0  startup.o(RESET)
    I2C3_Handler                             0x00000283   Thumb Code     0  startup.o(RESET)
    I2C4_Handler                             0x00000283   Thumb Code     0  startup.o(RESET)
    I2C5_Handler                             0x00000283   Thumb Code     0  startup.o(RESET)
    I2S0_Handler                             0x00000283   Thumb Code     0  startup.o(RESET)
    LPC0_Handler                             0x00000283   Thumb Code     0  startup.o(RESET)
    PECI0_Handler                            0x00000283   Thumb Code     0  startup.o(RESET)
    PWM0Fault_Handler                        0x00000283   Thumb Code     0  startup.o(RESET)
    PWM0Generator0_Handler                   0x00000283   Thumb Code     0  startup.o(RESET)
    PWM0Generator1_Handler                   0x00000283   Thumb Code     0  startup.o(RESET)
    PWM0Generator2_Handler                   0x00000283   Thumb Code     0  startup.o(RESET)
    PWM0Generator3_Handler                   0x00000283   Thumb Code     0  startup.o(RESET)
    PWM1Fault_Handler                        0x00000283   Thumb Code     0  startup.o(RESET)
    PWM1Generator0_Handler                   0x00000283   Thumb Code     0  startup.o(RESET)
    PWM1Generator1_Handler                   0x00000283   Thumb Code     0  startup.o(RESET)
    PWM1Generator2_Handler                   0x00000283   Thumb Code     0  startup.o(RESET)
    PWM1Generator3_Handler                   0x00000283   Thumb Code     0  startup.o(RESET)
    Quadrature0_Handler                      0x00000283   Thumb Code     0  startup.o(RESET)
    Quadrature1_Handler                      0x00000283   Thumb Code     0  startup.o(RESET)
    Quadrature2_Handler                      0x00000283   Thumb Code     0  startup.o(RESET)
    SSI0_Handler                             0x00000283   Thumb Code     0  startup.o(RESET)
    SSI1_Handler                             0x00000283   Thumb Code     0  startup.o(RESET)
    SSI2_Handler                             0x00000283   Thumb Code     0  startup.o(RESET)
    SSI3_Handler                             0x00000283   Thumb Code     0  startup.o(RESET)
    SysCtl_Handler                           0x00000283   Thumb Code     0  startup.o(RESET)
    Timer0B_Handler                          0x00000283   Thumb Code     0  startup.o(RESET)
    Timer1B_Handler                          0x00000283   Thumb Code     0  startup.o(RESET)
    Timer2A_Handler                          0x00000283   Thumb Code     0  startup.o(RESET)
    Timer2B_Handler                          0x00000283   Thumb Code     0  startup.o(RESET)
    Timer3A_Handler                          0x00000283   Thumb Code     0  startup.o(RESET)
    Timer3B_Handler                          0x00000283   Thumb Code     0  startup.o(RESET)
    Timer4A_Handler                          0x00000283   Thumb Code     0  startup.o(RESET)
    Timer4B_Handler                          0x00000283   Thumb Code     0  startup.o(RESET)
    Timer5A_Handler                          0x00000283   Thumb Code     0  startup.o(RESET)
    Timer5B_Handler                          0x00000283   Thumb Code     0  startup.o(RESET)
    UART0_Handler                            0x00000283   Thumb Code     0  startup.o(RESET)
    UART1_Handler                            0x00000283   Thumb Code     0  startup.o(RESET)
    UART2_Handler                            0x00000283   Thumb Code     0  startup.o(RESET)
    UART3_Handler                            0x00000283   Thumb Code     0  startup.o(RESET)
    UART4_Handler                            0x00000283   Thumb Code     0  startup.o(RESET)
    UART5_Handler                            0x00000283   Thumb Code     0  startup.o(RESET)
    UART6_Handler                            0x00000283   Thumb Code     0  startup.o(RESET)
    UART7_Handler                            0x00000283   Thumb Code     0  startup.o(RESET)
    USB0_Handler                             0x00000283   Thumb Code     0  startup.o(RESET)
    WDT_Handler                              0x00000283   Thumb Code     0  startup.o(RESET)
    WideTimer0A_Handler                      0x00000283   Thumb Code     0  startup.o(RESET)
    WideTimer0B_Handler                      0x00000283   Thumb Code     0  startup.o(RESET)
    WideTimer1A_Handler                      0x00000283   Thumb Code     0  startup.o(RESET)
    WideTimer1B_Handler                      0x00000283   Thumb Code     0  startup.o(RESET)
    WideTimer2A_Handler                      0x00000283   Thumb Code     0  startup.o(RESET)
    WideTimer2B_Handler                      0x00000283   Thumb Code     0  startup.o(RESET)
    WideTimer3A_Handler                      0x00000283   Thumb Code     0  startup.o(RESET)
    WideTimer3B_Handler                      0x00000283   Thumb Code     0  startup.o(RESET)
    WideTimer4A_Handler                      0x00000283   Thumb Code     0  startup.o(RESET)
    WideTimer4B_Handler                      0x00000283   Thumb Code     0  startup.o(RESET)
    WideTimer5A_Handler                      0x00000283   Thumb Code     0  startup.o(RESET)
    WideTimer5B_Handler                      0x00000283   Thumb Code     0  startup.o(RESET)
    uDMA_Error                               0x00000283   Thumb Code     0  startup.o(RESET)
    uDMA_Handler                             0x00000283   Thumb Code     0  startup.o(RESET)
    __main                                   0x00000285   Thumb Code     8  __main.o(!!!main)
    __scatterload                            0x0000028d   Thumb Code     0  __scatter.o(!!!scatter)
    __scatterload_rt2                        0x0000028d   Thumb Code    44  __scatter.o(!!!scatter)
    __scatterload_rt2_thumb_only             0x0000028d   Thumb Code     0  __scatter.o(!!!scatter)
    __scatterload_null                       0x0000029b   Thumb Code     0  __scatter.o(!!!scatter)
    __scatterload_copy                       0x000002c1   Thumb Code    26  __scatter_copy.o(!!handler_copy)
    __scatterload_zeroinit                   0x000002dd   Thumb Code    28  __scatter_zi.o(!!handler_zi)
    __rt_lib_init                            0x000002f9   Thumb Code     0  libinit.o(.ARM.Collect$$libinit$$00000000)
    __rt_lib_init_alloca_1                   0x000002fb   Thumb Code     0  libinit2.o(.ARM.Collect$$libinit$$0000002E)
    __rt_lib_init_argv_1                     0x000002fb   Thumb Code     0  libinit2.o(.ARM.Collect$$libinit$$0000002C)
    __rt_lib_init_atexit_1                   0x000002fb   Thumb Code     0  libinit2.o(.ARM.Collect$$libinit$$0000001B)
    __rt_lib_init_clock_1                    0x000002fb   Thumb Code     0  libinit2.o(.ARM.Collect$$libinit$$00000021)
    __rt_lib_init_cpp_1                      0x000002fb   Thumb Code     0  libinit2.o(.ARM.Collect$$libinit$$00000032)
    __rt_lib_init_exceptions_1               0x000002fb   Thumb Code     0  libinit2.o(.ARM.Collect$$libinit$$00000030)
    __rt_lib_init_fp_1                       0x000002fb   Thumb Code     0  libinit2.o(.ARM.Collect$$libinit$$00000002)
    __rt_lib_init_fp_trap_1                  0x000002fb   Thumb Code     0  libinit2.o(.ARM.Collect$$libinit$$0000001F)
    __rt_lib_init_getenv_1                   0x000002fb   Thumb Code     0  libinit2.o(.ARM.Collect$$libinit$$00000023)
    __rt_lib_init_heap_1                     0x000002fb   Thumb Code     0  libinit2.o(.ARM.Collect$$libinit$$0000000A)
    __rt_lib_init_lc_collate_1               0x000002fb   Thumb Code     0  libinit2.o(.ARM.Collect$$libinit$$00000011)
    __rt_lib_init_lc_ctype_1                 0x000002fb   Thumb Code     0  libinit2.o(.ARM.Collect$$libinit$$00000013)
    __rt_lib_init_lc_monetary_1              0x000002fb   Thumb Code     0  libinit2.o(.ARM.Collect$$libinit$$00000015)
    __rt_lib_init_lc_numeric_1               0x000002fb   Thumb Code     0  libinit2.o(.ARM.Collect$$libinit$$00000017)
    __rt_lib_init_lc_time_1                  0x000002fb   Thumb Code     0  libinit2.o(.ARM.Collect$$libinit$$00000019)
    __rt_lib_init_preinit_1                  0x000002fb   Thumb Code     0  libinit2.o(.ARM.Collect$$libinit$$00000004)
    __rt_lib_init_rand_1                     0x000002fb   Thumb Code     0  libinit2.o(.ARM.Collect$$libinit$$0000000E)
    __rt_lib_init_return                     0x000002fb   Thumb Code     0  libinit2.o(.ARM.Collect$$libinit$$00000033)
    __rt_lib_init_signal_1                   0x000002fb   Thumb Code     0  libinit2.o(.ARM.Collect$$libinit$$0000001D)
    __rt_lib_init_stdio_1                    0x000002fb   Thumb Code     0  libinit2.o(.ARM.Collect$$libinit$$00000025)
    __rt_lib_init_user_alloc_1               0x000002fb   Thumb Code     0  libinit2.o(.ARM.Collect$$libinit$$0000000C)
    __rt_lib_shutdown                        0x000002fd   Thumb Code     0  libshutdown.o(.ARM.Collect$$libshutdown$$00000000)
    __rt_lib_shutdown_cpp_1                  0x000002ff   Thumb Code     0  libshutdown2.o(.ARM.Collect$$libshutdown$$00000002)
    __rt_lib_shutdown_fp_trap_1              0x000002ff   Thumb Code     0  libshutdown2.o(.ARM.Collect$$libshutdown$$00000007)
    __rt_lib_shutdown_heap_1                 0x000002ff   Thumb Code     0  libshutdown2.o(.ARM.Collect$$libshutdown$$0000000F)
    __rt_lib_shutdown_return                 0x000002ff   Thumb Code     0  libshutdown2.o(.ARM.Collect$$libshutdown$$00000010)
    __rt_lib_shutdown_signal_1               0x000002ff   Thumb Code     0  libshutdown2.o(.ARM.Collect$$libshutdown$$0000000A)
    __rt_lib_shutdown_stdio_1                0x000002ff   Thumb Code     0  libshutdown2.o(.ARM.Collect$$libshutdown$$00000004)
    __rt_lib_shutdown_user_alloc_1           0x000002ff   Thumb Code     0  libshutdown2.o(.ARM.Collect$$libshutdown$$0000000C)
    __rt_entry                               0x00000301   Thumb Code     0  __rtentry.o(.ARM.Collect$$rtentry$$00000000)
    __rt_entry_presh_1                       0x00000301   Thumb Code     0  __rtentry2.o(.ARM.Collect$$rtentry$$00000002)
    __rt_entry_sh                            0x00000301   Thumb Code     0  __rtentry4.o(.ARM.Collect$$rtentry$$00000004)
    __rt_entry_li                            0x00000307   Thumb Code     0  __rtentry2.o(.ARM.Collect$$rtentry$$0000000A)
    __rt_entry_postsh_1                      0x00000307   Thumb Code     0  __rtentry2.o(.ARM.Collect$$rtentry$$00000009)
    __rt_entry_main                          0x0000030b   Thumb Code     0  __rtentry2.o(.ARM.Collect$$rtentry$$0000000D)
    __rt_entry_postli_1                      0x0000030b   Thumb Code     0  __rtentry2.o(.ARM.Collect$$rtentry$$0000000C)
    __rt_exit                                0x00000313   Thumb Code     0  rtexit.o(.ARM.Collect$$rtexit$$00000000)
    __rt_exit_ls                             0x00000315   Thumb Code     0  rtexit2.o(.ARM.Collect$$rtexit$$00000003)
    __rt_exit_prels_1                        0x00000315   Thumb Code     0  rtexit2.o(.ARM.Collect$$rtexit$$00000002)
    __rt_exit_exit                           0x00000319   Thumb Code     0  rtexit2.o(.ARM.Collect$$rtexit$$00000004)
    DisableInterrupts                        0x00000321   Thumb Code     0  startup.o(.text)
    EnableInterrupts                         0x00000325   Thumb Code     0  startup.o(.text)
    StartCritical                            0x00000329   Thumb Code     0  startup.o(.text)
    EndCritical                              0x00000331   Thumb Code     0  startup.o(.text)
    WaitForInterrupt                         0x00000337   Thumb Code     0  startup.o(.text)
    __user_initial_stackheap                 0x0000033b   Thumb Code     0  startup.o(.text)
    Random_Init                              0x00000351   Thumb Code     0  random.o(.text)
    Random32                                 0x0000035b   Thumb Code     2  random.o(.text)
    Random                                   0x0000036d   Thumb Code     2  random.o(.text)
    writecommand                             0x00000391   Thumb Code     0  lcd.o(.text)
    writedata                                0x000003b5   Thumb Code     0  lcd.o(.text)
    __use_two_region_memory                  0x000003dd   Thumb Code     2  heapauxi.o(.text)
    __rt_heap_escrow$2region                 0x000003df   Thumb Code     2  heapauxi.o(.text)
    __rt_heap_expand$2region                 0x000003e1   Thumb Code     2  heapauxi.o(.text)
    __user_setup_stackheap                   0x000003e3   Thumb Code    74  sys_stackheap_outer.o(.text)
    exit                                     0x0000042d   Thumb Code    18  exit.o(.text)
    __user_libspace                          0x00000441   Thumb Code     8  libspace.o(.text)
    __user_perproc_libspace                  0x00000441   Thumb Code     0  libspace.o(.text)
    __user_perthread_libspace                0x00000441   Thumb Code     0  libspace.o(.text)
    _sys_exit                                0x00000449   Thumb Code     8  sys_exit.o(.text)
    __I$use$semihosting                      0x00000455   Thumb Code     0  use_no_semi.o(.text)
    __use_no_semihosting_swi                 0x00000455   Thumb Code     2  use_no_semi.o(.text)
    __semihosting_library_function           0x00000457   Thumb Code     0  indicate_semi.o(.text)
    ADC_In                                   0x00000459   Thumb Code    38  adc.o(i.ADC_In)
    ADC_Init                                 0x00000485   Thumb Code   212  adc.o(i.ADC_Init)
    DAC_Init                                 0x0000056d   Thumb Code    66  dac.o(i.DAC_Init)
    DAC_Out                                  0x000005c5   Thumb Code     6  dac.o(i.DAC_Out)
    Delay100ms                               0x000005d1   Thumb Code    30  spaceinvaders.o(i.Delay100ms)
    Delay1ms                                 0x000005f5   Thumb Code    32  st7735.o(i.Delay1ms)
    Output_Init                              0x00000615   Thumb Code    16  st7735.o(i.Output_Init)
    PLL_Init                                 0x00000625   Thumb Code   120  pll.o(i.PLL_Init)
    PeriodicTask                             0x000006a1   Thumb Code    48  spaceinvaders.o(i.PeriodicTask)
    ST7735_DrawBitmap                        0x000006e5   Thumb Code   280  st7735.o(i.ST7735_DrawBitmap)
    ST7735_FillRect                          0x00000805   Thumb Code   164  st7735.o(i.ST7735_FillRect)
    ST7735_FillScreen                        0x000008b1   Thumb Code    28  st7735.o(i.ST7735_FillScreen)
    ST7735_InitR                             0x000008d5   Thumb Code    90  st7735.o(i.ST7735_InitR)
    ST7735_SetCursor                         0x00000951   Thumb Code    22  st7735.o(i.ST7735_SetCursor)
    ST7735_SetTextColor                      0x00000971   Thumb Code     6  st7735.o(i.ST7735_SetTextColor)
    Sound_Init                               0x0000097d   Thumb Code    56  sound.o(i.Sound_Init)
    Sound_Killed                             0x000009bd   Thumb Code    24  sound.o(i.Sound_Killed)
    Sound_Play                               0x000009e1   Thumb Code    10  sound.o(i.Sound_Play)
    Sound_Shoot                              0x000009f5   Thumb Code    24  sound.o(i.Sound_Shoot)
    SysTick_Handler                          0x00000a19   Thumb Code    78  sound.o(i.SysTick_Handler)
    Timer0A_Handler                          0x00000a79   Thumb Code    16  timer0.o(i.Timer0A_Handler)
    Timer0_Init                              0x00000a91   Thumb Code    74  timer0.o(i.Timer0_Init)
    Timer1A_Handler                          0x00000af1   Thumb Code    16  timer1.o(i.Timer1A_Handler)
    boundary                                 0x00000b09   Thumb Code    86  engine.o(i.boundary)
    collision                                0x00000b65   Thumb Code    58  engine.o(i.collision)
    current_position                         0x00000d7d   Thumb Code    32  io.o(i.current_position)
    displayframe                             0x00000d9d   Thumb Code   230  engine.o(i.displayframe)
    fill_bg                                  0x00000e95   Thumb Code    72  background.o(i.fill_bg)
    generate_bg                              0x00000ee1   Thumb Code    28  background.o(i.generate_bg)
    intro                                    0x00000f01   Thumb Code    48  animations.o(i.intro)
    main                                     0x00000f35   Thumb Code   142  spaceinvaders.o(i.main)
    mobgen                                   0x00000fd9   Thumb Code    80  engine.o(i.mobgen)
    player_init                              0x0000103d   Thumb Code    38  engine.o(i.player_init)
    player_update                            0x00001075   Thumb Code   332  engine.o(i.player_update)
    ports_init                               0x000011ed   Thumb Code   110  io.o(i.ports_init)
    shooter_update                           0x000012ed   Thumb Code   456  engine.o(i.shooter_update)
    title_screen                             0x000014d9   Thumb Code    48  animations.o(i.title_screen)
    shoot                                    0x00001510   Data        4080  sound.o(.constdata)
    invaderkilled                            0x00002500   Data        3377  sound.o(.constdata)
    victory                                  0x00003231   Data       17473  sound.o(.constdata)
    dBfs                                     0x00007c54   Data         512  st7735.o(.constdata)
    title_blank                              0x00007e54   Data       40960  images.o(.constdata)
    title_text                               0x00011e54   Data       40960  images.o(.constdata)
    background_main                          0x0001be54   Data       40960  images.o(.constdata)
    win                                      0x00025e54   Data       40960  images.o(.constdata)
    loss                                     0x0002fe54   Data       40960  images.o(.constdata)
    player_sprite                            0x00039e54   Data        2450  engine.o(.constdata)
    player_sprite_left                       0x0003a7e6   Data        2450  engine.o(.constdata)
    player_sprite_right                      0x0003b178   Data        2450  engine.o(.constdata)
    shooter_sprite                           0x0003bb0a   Data        2450  engine.o(.constdata)
    shooter_sprite_left                      0x0003c49c   Data        2450  engine.o(.constdata)
    shooter_sprite_right                     0x0003ce2e   Data        2450  engine.o(.constdata)
    bullet_player                            0x0003d7c0   Data          36  engine.o(.constdata)
    bullet_mob                               0x0003d7e4   Data          36  engine.o(.constdata)
    Region$$Table$$Base                      0x0003d808   Number         0  anon$$obj.o(Region$$Table)
    Region$$Table$$Limit                     0x0003d828   Number         0  anon$$obj.o(Region$$Table)
    PeriodicTask0                            0x20000000   Data           4  timer0.o(.data)
    PeriodicTask1                            0x20000004   Data           4  timer1.o(.data)
    Index                                    0x20000008   Data           4  sound.o(.data)
    ptr                                      0x2000000c   Data           4  sound.o(.data)
    counter                                  0x20000010   Data           4  sound.o(.data)
    loop                                     0x20000014   Data           1  sound.o(.data)
    indexBak                                 0x20000018   Data           4  sound.o(.data)
    StX                                      0x2000001c   Data           4  st7735.o(.data)
    StY                                      0x20000020   Data           4  st7735.o(.data)
    StTextColor                              0x20000024   Data           2  st7735.o(.data)
    Messageindex                             0x20000030   Data           4  st7735.o(.data)
    Ymax                                     0x20000034   Data           4  st7735.o(.data)
    Ymin                                     0x20000038   Data           4  st7735.o(.data)
    X                                        0x2000003c   Data           4  st7735.o(.data)
    Yrange                                   0x20000040   Data           4  st7735.o(.data)
    lastj                                    0x20000044   Data           4  st7735.o(.data)
    updateGame                               0x20000048   Data           1  spaceinvaders.o(.data)
    move_old                                 0x2000004c   Data           4  spaceinvaders.o(.data)
    move_new                                 0x20000050   Data           4  spaceinvaders.o(.data)
    timercount                               0x20000054   Data           4  spaceinvaders.o(.data)
    score                                    0x20000058   Data           4  spaceinvaders.o(.data)
    is_clear                                 0x2000005c   Data           4  spaceinvaders.o(.data)
    fire                                     0x20000060   Data           4  spaceinvaders.o(.data)
    pause                                    0x20000064   Data           4  spaceinvaders.o(.data)
    idx                                      0x20000068   Data           4  engine.o(.data)
    bullet_flag                              0x2000006c   Data           4  engine.o(.data)
    is_bullet                                0x20000070   Data           4  engine.o(.data)
    shooter_stay                             0x20000074   Data           4  engine.o(.data)
    shooter_attack                           0x20000078   Data           4  engine.o(.data)
    shot_exist                               0x2000007c   Data           4  engine.o(.data)
    sweeper_dir                              0x20000080   Data           4  engine.o(.data)
    sweeper_flag                             0x20000084   Data           4  engine.o(.data)
    player_bullet                            0x2000008c   Data          20  engine.o(.bss)
    mob_bullet                               0x200000a0   Data          20  engine.o(.bss)
    player                                   0x200000b4   Data          40  engine.o(.bss)
    mob                                      0x200000dc   Data          40  engine.o(.bss)
    __libspace_start                         0x20000104   Data          96  libspace.o(.bss)
    __temporary_stack_top$libspace           0x20000164   Data           0  libspace.o(.bss)



==============================================================================

Memory Map of the image

  Image Entry point : 0x0000026d

  Load Region LR_1 (Base: 0x00000000, Size: 0x0003d8b4, Max: 0xffffffff, ABSOLUTE)

    Execution Region ER_RO (Exec base: 0x00000000, Load base: 0x00000000, Size: 0x0003d828, Max: 0xffffffff, ABSOLUTE)

    Exec Addr    Load Addr    Size         Type   Attr      Idx    E Section Name        Object

    0x00000000   0x00000000   0x00000284   Code   RO            3  * RESET               startup.o
    0x00000284   0x00000284   0x00000008   Code   RO          627  * !!!main             c_w.l(__main.o)
    0x0000028c   0x0000028c   0x00000034   Code   RO          784    !!!scatter          c_w.l(__scatter.o)
    0x000002c0   0x000002c0   0x0000001a   Code   RO          786    !!handler_copy      c_w.l(__scatter_copy.o)
    0x000002da   0x000002da   0x00000002   PAD
    0x000002dc   0x000002dc   0x0000001c   Code   RO          788    !!handler_zi        c_w.l(__scatter_zi.o)
    0x000002f8   0x000002f8   0x00000002   Code   RO          654    .ARM.Collect$$libinit$$00000000  c_w.l(libinit.o)
    0x000002fa   0x000002fa   0x00000000   Code   RO          661    .ARM.Collect$$libinit$$00000002  c_w.l(libinit2.o)
    0x000002fa   0x000002fa   0x00000000   Code   RO          663    .ARM.Collect$$libinit$$00000004  c_w.l(libinit2.o)
    0x000002fa   0x000002fa   0x00000000   Code   RO          666    .ARM.Collect$$libinit$$0000000A  c_w.l(libinit2.o)
    0x000002fa   0x000002fa   0x00000000   Code   RO          668    .ARM.Collect$$libinit$$0000000C  c_w.l(libinit2.o)
    0x000002fa   0x000002fa   0x00000000   Code   RO          670    .ARM.Collect$$libinit$$0000000E  c_w.l(libinit2.o)
    0x000002fa   0x000002fa   0x00000000   Code   RO          673    .ARM.Collect$$libinit$$00000011  c_w.l(libinit2.o)
    0x000002fa   0x000002fa   0x00000000   Code   RO          675    .ARM.Collect$$libinit$$00000013  c_w.l(libinit2.o)
    0x000002fa   0x000002fa   0x00000000   Code   RO          677    .ARM.Collect$$libinit$$00000015  c_w.l(libinit2.o)
    0x000002fa   0x000002fa   0x00000000   Code   RO          679    .ARM.Collect$$libinit$$00000017  c_w.l(libinit2.o)
    0x000002fa   0x000002fa   0x00000000   Code   RO          681    .ARM.Collect$$libinit$$00000019  c_w.l(libinit2.o)
    0x000002fa   0x000002fa   0x00000000   Code   RO          683    .ARM.Collect$$libinit$$0000001B  c_w.l(libinit2.o)
    0x000002fa   0x000002fa   0x00000000   Code   RO          685    .ARM.Collect$$libinit$$0000001D  c_w.l(libinit2.o)
    0x000002fa   0x000002fa   0x00000000   Code   RO          687    .ARM.Collect$$libinit$$0000001F  c_w.l(libinit2.o)
    0x000002fa   0x000002fa   0x00000000   Code   RO          689    .ARM.Collect$$libinit$$00000021  c_w.l(libinit2.o)
    0x000002fa   0x000002fa   0x00000000   Code   RO          691    .ARM.Collect$$libinit$$00000023  c_w.l(libinit2.o)
    0x000002fa   0x000002fa   0x00000000   Code   RO          693    .ARM.Collect$$libinit$$00000025  c_w.l(libinit2.o)
    0x000002fa   0x000002fa   0x00000000   Code   RO          697    .ARM.Collect$$libinit$$0000002C  c_w.l(libinit2.o)
    0x000002fa   0x000002fa   0x00000000   Code   RO          699    .ARM.Collect$$libinit$$0000002E  c_w.l(libinit2.o)
    0x000002fa   0x000002fa   0x00000000   Code   RO          701    .ARM.Collect$$libinit$$00000030  c_w.l(libinit2.o)
    0x000002fa   0x000002fa   0x00000000   Code   RO          703    .ARM.Collect$$libinit$$00000032  c_w.l(libinit2.o)
    0x000002fa   0x000002fa   0x00000002   Code   RO          704    .ARM.Collect$$libinit$$00000033  c_w.l(libinit2.o)
    0x000002fc   0x000002fc   0x00000002   Code   RO          724    .ARM.Collect$$libshutdown$$00000000  c_w.l(libshutdown.o)
    0x000002fe   0x000002fe   0x00000000   Code   RO          737    .ARM.Collect$$libshutdown$$00000002  c_w.l(libshutdown2.o)
    0x000002fe   0x000002fe   0x00000000   Code   RO          739    .ARM.Collect$$libshutdown$$00000004  c_w.l(libshutdown2.o)
    0x000002fe   0x000002fe   0x00000000   Code   RO          742    .ARM.Collect$$libshutdown$$00000007  c_w.l(libshutdown2.o)
    0x000002fe   0x000002fe   0x00000000   Code   RO          745    .ARM.Collect$$libshutdown$$0000000A  c_w.l(libshutdown2.o)
    0x000002fe   0x000002fe   0x00000000   Code   RO          747    .ARM.Collect$$libshutdown$$0000000C  c_w.l(libshutdown2.o)
    0x000002fe   0x000002fe   0x00000000   Code   RO          750    .ARM.Collect$$libshutdown$$0000000F  c_w.l(libshutdown2.o)
    0x000002fe   0x000002fe   0x00000002   Code   RO          751    .ARM.Collect$$libshutdown$$00000010  c_w.l(libshutdown2.o)
    0x00000300   0x00000300   0x00000000   Code   RO          629    .ARM.Collect$$rtentry$$00000000  c_w.l(__rtentry.o)
    0x00000300   0x00000300   0x00000000   Code   RO          631    .ARM.Collect$$rtentry$$00000002  c_w.l(__rtentry2.o)
    0x00000300   0x00000300   0x00000006   Code   RO          643    .ARM.Collect$$rtentry$$00000004  c_w.l(__rtentry4.o)
    0x00000306   0x00000306   0x00000000   Code   RO          633    .ARM.Collect$$rtentry$$00000009  c_w.l(__rtentry2.o)
    0x00000306   0x00000306   0x00000004   Code   RO          634    .ARM.Collect$$rtentry$$0000000A  c_w.l(__rtentry2.o)
    0x0000030a   0x0000030a   0x00000000   Code   RO          636    .ARM.Collect$$rtentry$$0000000C  c_w.l(__rtentry2.o)
    0x0000030a   0x0000030a   0x00000008   Code   RO          637    .ARM.Collect$$rtentry$$0000000D  c_w.l(__rtentry2.o)
    0x00000312   0x00000312   0x00000002   Code   RO          658    .ARM.Collect$$rtexit$$00000000  c_w.l(rtexit.o)
    0x00000314   0x00000314   0x00000000   Code   RO          706    .ARM.Collect$$rtexit$$00000002  c_w.l(rtexit2.o)
    0x00000314   0x00000314   0x00000004   Code   RO          707    .ARM.Collect$$rtexit$$00000003  c_w.l(rtexit2.o)
    0x00000318   0x00000318   0x00000006   Code   RO          708    .ARM.Collect$$rtexit$$00000004  c_w.l(rtexit2.o)
    0x0000031e   0x0000031e   0x00000002   PAD
    0x00000320   0x00000320   0x00000030   Code   RO            4    .text               startup.o
    0x00000350   0x00000350   0x00000040   Code   RO           13    .text               random.o
    0x00000390   0x00000390   0x0000004c   Code   RO          147    .text               lcd.o
    0x000003dc   0x000003dc   0x00000006   Code   RO          625    .text               c_w.l(heapauxi.o)
    0x000003e2   0x000003e2   0x0000004a   Code   RO          645    .text               c_w.l(sys_stackheap_outer.o)
    0x0000042c   0x0000042c   0x00000012   Code   RO          647    .text               c_w.l(exit.o)
    0x0000043e   0x0000043e   0x00000002   PAD
    0x00000440   0x00000440   0x00000008   Code   RO          655    .text               c_w.l(libspace.o)
    0x00000448   0x00000448   0x0000000c   Code   RO          716    .text               c_w.l(sys_exit.o)
    0x00000454   0x00000454   0x00000002   Code   RO          727    .text               c_w.l(use_no_semi.o)
    0x00000456   0x00000456   0x00000000   Code   RO          729    .text               c_w.l(indicate_semi.o)
    0x00000456   0x00000456   0x00000002   PAD
    0x00000458   0x00000458   0x0000002c   Code   RO           41    i.ADC_In            adc.o
    0x00000484   0x00000484   0x000000e8   Code   RO           42    i.ADC_Init          adc.o
    0x0000056c   0x0000056c   0x00000058   Code   RO           16    i.DAC_Init          dac.o
    0x000005c4   0x000005c4   0x0000000c   Code   RO           17    i.DAC_Out           dac.o
    0x000005d0   0x000005d0   0x00000024   Code   RO          440    i.Delay100ms        spaceinvaders.o
    0x000005f4   0x000005f4   0x00000020   Code   RO          153    i.Delay1ms          st7735.o
    0x00000614   0x00000614   0x00000010   Code   RO          156    i.Output_Init       st7735.o
    0x00000624   0x00000624   0x0000007c   Code   RO          425    i.PLL_Init          pll.o
    0x000006a0   0x000006a0   0x00000044   Code   RO          442    i.PeriodicTask      spaceinvaders.o
    0x000006e4   0x000006e4   0x00000120   Code   RO          160    i.ST7735_DrawBitmap  st7735.o
    0x00000804   0x00000804   0x000000ac   Code   RO          167    i.ST7735_FillRect   st7735.o
    0x000008b0   0x000008b0   0x00000024   Code   RO          168    i.ST7735_FillScreen  st7735.o
    0x000008d4   0x000008d4   0x0000007c   Code   RO          170    i.ST7735_InitR      st7735.o
    0x00000950   0x00000950   0x00000020   Code   RO          183    i.ST7735_SetCursor  st7735.o
    0x00000970   0x00000970   0x0000000c   Code   RO          185    i.ST7735_SetTextColor  st7735.o
    0x0000097c   0x0000097c   0x00000040   Code   RO          101    i.Sound_Init        sound.o
    0x000009bc   0x000009bc   0x00000024   Code   RO          102    i.Sound_Killed      sound.o
    0x000009e0   0x000009e0   0x00000014   Code   RO          103    i.Sound_Play        sound.o
    0x000009f4   0x000009f4   0x00000024   Code   RO          104    i.Sound_Shoot       sound.o
    0x00000a18   0x00000a18   0x00000060   Code   RO          106    i.SysTick_Handler   sound.o
    0x00000a78   0x00000a78   0x00000018   Code   RO           59    i.Timer0A_Handler   timer0.o
    0x00000a90   0x00000a90   0x00000060   Code   RO           60    i.Timer0_Init       timer0.o
    0x00000af0   0x00000af0   0x00000018   Code   RO           80    i.Timer1A_Handler   timer1.o
    0x00000b08   0x00000b08   0x0000005c   Code   RO          536    i.boundary          engine.o
    0x00000b64   0x00000b64   0x0000003a   Code   RO          537    i.collision         engine.o
    0x00000b9e   0x00000b9e   0x00000056   Code   RO          187    i.commandList       st7735.o
    0x00000bf4   0x00000bf4   0x00000188   Code   RO          188    i.commonInit        st7735.o
    0x00000d7c   0x00000d7c   0x00000020   Code   RO          600    i.current_position  io.o
    0x00000d9c   0x00000d9c   0x000000f8   Code   RO          538    i.displayframe      engine.o
    0x00000e94   0x00000e94   0x0000004c   Code   RO          485    i.fill_bg           background.o
    0x00000ee0   0x00000ee0   0x00000020   Code   RO          486    i.generate_bg       background.o
    0x00000f00   0x00000f00   0x00000034   Code   RO          505    i.intro             animations.o
    0x00000f34   0x00000f34   0x000000a4   Code   RO          443    i.main              spaceinvaders.o
    0x00000fd8   0x00000fd8   0x00000064   Code   RO          539    i.mobgen            engine.o
    0x0000103c   0x0000103c   0x00000038   Code   RO          540    i.player_init       engine.o
    0x00001074   0x00001074   0x00000178   Code   RO          541    i.player_update     engine.o
    0x000011ec   0x000011ec   0x0000008c   Code   RO          601    i.ports_init        io.o
    0x00001278   0x00001278   0x00000074   Code   RO          195    i.setAddrWindow     st7735.o
    0x000012ec   0x000012ec   0x000001ec   Code   RO          542    i.shooter_update    engine.o
    0x000014d8   0x000014d8   0x00000038   Code   RO          506    i.title_screen      animations.o
    0x00001510   0x00001510   0x00006162   Data   RO          107    .constdata          sound.o
    0x00007672   0x00007672   0x000007e2   Data   RO          197    .constdata          st7735.o
    0x00007e54   0x00007e54   0x00032000   Data   RO          529    .constdata          images.o
    0x00039e54   0x00039e54   0x000039b4   Data   RO          545    .constdata          engine.o
    0x0003d808   0x0003d808   0x00000020   Data   RO          782    Region$$Table       anon$$obj.o


    Execution Region ER_RW (Exec base: 0x20000000, Load base: 0x0003d828, Size: 0x0000008c, Max: 0xffffffff, ABSOLUTE)

    Exec Addr    Load Addr    Size         Type   Attr      Idx    E Section Name        Object

    0x20000000   0x0003d828   0x00000004   Data   RW           61    .data               timer0.o
    0x20000004   0x0003d82c   0x00000004   Data   RW           82    .data               timer1.o
    0x20000008   0x0003d830   0x00000014   Data   RW          108    .data               sound.o
    0x2000001c   0x0003d844   0x0000002c   Data   RW          198    .data               st7735.o
    0x20000048   0x0003d870   0x00000020   Data   RW          444    .data               spaceinvaders.o
    0x20000068   0x0003d890   0x00000020   Data   RW          546    .data               engine.o
    0x20000088   0x0003d8b0   0x00000004   Data   RW           12    DATA                random.o


    Execution Region ER_ZI (Exec base: 0x2000008c, Load base: 0x0003d8b4, Size: 0x000004dc, Max: 0xffffffff, ABSOLUTE)

    Exec Addr    Load Addr    Size         Type   Attr      Idx    E Section Name        Object

    0x2000008c        -       0x00000078   Zero   RW          544    .bss                engine.o
    0x20000104        -       0x00000060   Zero   RW          656    .bss                c_w.l(libspace.o)
    0x20000164   0x0003d8b4   0x00000004   PAD
    0x20000168        -       0x00000000   Zero   RW            2    HEAP                startup.o
    0x20000168        -       0x00000400   Zero   RW            1    STACK               startup.o


==============================================================================

Image component sizes


      Code (inc. data)   RO Data    RW Data    ZI Data      Debug   Object Name

       276         26          0          0          0        972   adc.o
       108         12          0          0          0        887   animations.o
       108          8          0          0          0       1084   background.o
       100         28          0          0          0       5721   dac.o
      1422        142      14772         32        120       6372   engine.o
         0          0     204800          0          0        602   images.o
       172         30          0          0          0        924   io.o
        76         14          0          0          0        256   lcd.o
       124          4          0          0          0        463   pll.o
        64         14          0          4          0        252   random.o
       252         60      24930         20          0       3099   sound.o
       268         48          0         32          0       2611   spaceinvaders.o
      1306        134       2018         44          0      10668   st7735.o
       692        632          0          0       1024       1012   startup.o
       120         30          0          4          0       1500   timer0.o
        24          8          0          4          0        990   timer1.o

    ----------------------------------------------------------------------
      5112       1190     246552        140       1144      37413   Object Totals
         0          0         32          0          0          0   (incl. Generated)
         0          0          0          0          0          0   (incl. Padding)

    ----------------------------------------------------------------------

      Code (inc. data)   RO Data    RW Data    ZI Data      Debug   Library Member Name

         8          0          0          0          0         68   __main.o
         0          0          0          0          0          0   __rtentry.o
        12          0          0          0          0          0   __rtentry2.o
         6          0          0          0          0          0   __rtentry4.o
        52          8          0          0          0          0   __scatter.o
        26          0          0          0          0          0   __scatter_copy.o
        28          0          0          0          0          0   __scatter_zi.o
        18          0          0          0          0         80   exit.o
         6          0          0          0          0        152   heapauxi.o
         0          0          0          0          0          0   indicate_semi.o
         2          0          0          0          0          0   libinit.o
         2          0          0          0          0          0   libinit2.o
         2          0          0          0          0          0   libshutdown.o
         2          0          0          0          0          0   libshutdown2.o
         8          4          0          0         96         68   libspace.o
         2          0          0          0          0          0   rtexit.o
        10          0          0          0          0          0   rtexit2.o
        12          4          0          0          0         68   sys_exit.o
        74          0          0          0          0         80   sys_stackheap_outer.o
         2          0          0          0          0         68   use_no_semi.o

    ----------------------------------------------------------------------
       280         16          0          0        100        584   Library Totals
         8          0          0          0          4          0   (incl. Padding)

    ----------------------------------------------------------------------

      Code (inc. data)   RO Data    RW Data    ZI Data      Debug   Library Name

       272         16          0          0         96        584   c_w.l

    ----------------------------------------------------------------------
       280         16          0          0        100        584   Library Totals

    ----------------------------------------------------------------------

==============================================================================


      Code (inc. data)   RO Data    RW Data    ZI Data      Debug   

      5392       1206     246552        140       1244      35965   Grand Totals
      5392       1206     246552        140       1244      35965   ELF Image Totals
      5392       1206     246552        140          0          0   ROM Totals

==============================================================================

    Total RO  Size (Code + RO Data)               251944 ( 246.04kB)
    Total RW  Size (RW Data + ZI Data)              1384 (   1.35kB)
    Total ROM Size (Code + RO Data + RW Data)     252084 ( 246.18kB)

==============================================================================

